..\data\test_wave\F62D1.WAV
..\data\test_wave\F62D10.WAV
..\data\test_wave\F62D100.WAV
..\data\test_wave\F62D101.WAV
..\data\test_wave\F62D102.WAV
..\data\test_wave\F62D103.WAV
..\data\test_wave\F62D104.WAV
..\data\test_wave\F62D105.WAV
..\data\test_wave\F62D106.WAV
..\data\test_wave\F62D107.WAV
..\data\test_wave\F62D108.WAV
..\data\test_wave\F62D109.WAV
..\data\test_wave\F62D11.WAV
..\data\test_wave\F62D110.WAV
..\data\test_wave\F62D111.WAV
..\data\test_wave\F62D112.WAV
..\data\test_wave\F62D113.WAV
..\data\test_wave\F62D114.WAV
..\data\test_wave\F62D115.WAV
..\data\test_wave\F62D116.WAV
..\data\test_wave\F62D117.WAV
..\data\test_wave\F62D118.WAV
..\data\test_wave\F62D119.WAV
..\data\test_wave\F62D12.WAV
..\data\test_wave\F62D120.WAV
..\data\test_wave\F62D121.WAV
..\data\test_wave\F62D122.WAV
..\data\test_wave\F62D123.WAV
..\data\test_wave\F62D124.WAV
..\data\test_wave\F62D125.WAV
..\data\test_wave\F62D126.WAV
..\data\test_wave\F62D127.WAV
..\data\test_wave\F62D128.WAV
..\data\test_wave\F62D129.WAV
..\data\test_wave\F62D13.WAV
..\data\test_wave\F62D130.WAV
..\data\test_wave\F62D131.WAV
..\data\test_wave\F62D132.WAV
..\data\test_wave\F62D133.WAV
..\data\test_wave\F62D134.WAV
..\data\test_wave\F62D135.WAV
..\data\test_wave\F62D136.WAV
..\data\test_wave\F62D137.WAV
..\data\test_wave\F62D138.WAV
..\data\test_wave\F62D139.WAV
..\data\test_wave\F62D14.WAV
..\data\test_wave\F62D140.WAV
..\data\test_wave\F62D141.WAV
..\data\test_wave\F62D142.WAV
..\data\test_wave\F62D143.WAV
..\data\test_wave\F62D144.WAV
..\data\test_wave\F62D145.WAV
..\data\test_wave\F62D146.WAV
..\data\test_wave\F62D147.WAV
..\data\test_wave\F62D148.WAV
..\data\test_wave\F62D149.WAV
..\data\test_wave\F62D15.WAV
..\data\test_wave\F62D150.WAV
..\data\test_wave\F62D151.WAV
..\data\test_wave\F62D152.WAV
..\data\test_wave\F62D153.WAV
..\data\test_wave\F62D154.WAV
..\data\test_wave\F62D155.WAV
..\data\test_wave\F62D156.WAV
..\data\test_wave\F62D157.WAV
..\data\test_wave\F62D158.WAV
..\data\test_wave\F62D159.WAV
..\data\test_wave\F62D16.WAV
..\data\test_wave\F62D160.WAV
..\data\test_wave\F62D161.WAV
..\data\test_wave\F62D162.WAV
..\data\test_wave\F62D163.WAV
..\data\test_wave\F62D164.WAV
..\data\test_wave\F62D165.WAV
..\data\test_wave\F62D166.WAV
..\data\test_wave\F62D167.WAV
..\data\test_wave\F62D168.WAV
..\data\test_wave\F62D169.WAV
..\data\test_wave\F62D17.WAV
..\data\test_wave\F62D170.WAV
..\data\test_wave\F62D171.WAV
..\data\test_wave\F62D172.WAV
..\data\test_wave\F62D173.WAV
..\data\test_wave\F62D174.WAV
..\data\test_wave\F62D175.WAV
..\data\test_wave\F62D176.WAV
..\data\test_wave\F62D177.WAV
..\data\test_wave\F62D178.WAV
..\data\test_wave\F62D179.WAV
..\data\test_wave\F62D18.WAV
..\data\test_wave\F62D180.WAV
..\data\test_wave\F62D181.WAV
..\data\test_wave\F62D182.WAV
..\data\test_wave\F62D183.WAV
..\data\test_wave\F62D184.WAV
..\data\test_wave\F62D185.WAV
..\data\test_wave\F62D186.WAV
..\data\test_wave\F62D187.WAV
..\data\test_wave\F62D188.WAV
..\data\test_wave\F62D189.WAV
..\data\test_wave\F62D19.WAV
..\data\test_wave\F62D190.WAV
..\data\test_wave\F62D191.WAV
..\data\test_wave\F62D192.WAV
..\data\test_wave\F62D193.WAV
..\data\test_wave\F62D194.WAV
..\data\test_wave\F62D195.WAV
..\data\test_wave\F62D196.WAV
..\data\test_wave\F62D197.WAV
..\data\test_wave\F62D198.WAV
..\data\test_wave\F62D199.WAV
..\data\test_wave\F62D2.WAV
..\data\test_wave\F62D20.WAV
..\data\test_wave\F62D200.WAV
..\data\test_wave\F62D201.WAV
..\data\test_wave\F62D202.WAV
..\data\test_wave\F62D203.WAV
..\data\test_wave\F62D204.WAV
..\data\test_wave\F62D205.WAV
..\data\test_wave\F62D206.WAV
..\data\test_wave\F62D207.WAV
..\data\test_wave\F62D208.WAV
..\data\test_wave\F62D209.WAV
..\data\test_wave\F62D21.WAV
..\data\test_wave\F62D210.WAV
..\data\test_wave\F62D211.WAV
..\data\test_wave\F62D212.WAV
..\data\test_wave\F62D213.WAV
..\data\test_wave\F62D214.WAV
..\data\test_wave\F62D215.WAV
..\data\test_wave\F62D216.WAV
..\data\test_wave\F62D217.WAV
..\data\test_wave\F62D218.WAV
..\data\test_wave\F62D219.WAV
..\data\test_wave\F62D22.WAV
..\data\test_wave\F62D220.WAV
..\data\test_wave\F62D221.WAV
..\data\test_wave\F62D222.WAV
..\data\test_wave\F62D223.WAV
..\data\test_wave\F62D224.WAV
..\data\test_wave\F62D225.WAV
..\data\test_wave\F62D226.WAV
..\data\test_wave\F62D227.WAV
..\data\test_wave\F62D228.WAV
..\data\test_wave\F62D229.WAV
..\data\test_wave\F62D23.WAV
..\data\test_wave\F62D230.WAV
..\data\test_wave\F62D231.WAV
..\data\test_wave\F62D232.WAV
..\data\test_wave\F62D233.WAV
..\data\test_wave\F62D234.WAV
..\data\test_wave\F62D235.WAV
..\data\test_wave\F62D236.WAV
..\data\test_wave\F62D237.WAV
..\data\test_wave\F62D238.WAV
..\data\test_wave\F62D239.WAV
..\data\test_wave\F62D24.WAV
..\data\test_wave\F62D240.WAV
..\data\test_wave\F62D241.WAV
..\data\test_wave\F62D242.WAV
..\data\test_wave\F62D243.WAV
..\data\test_wave\F62D244.WAV
..\data\test_wave\F62D245.WAV
..\data\test_wave\F62D246.WAV
..\data\test_wave\F62D247.WAV
..\data\test_wave\F62D248.WAV
..\data\test_wave\F62D249.WAV
..\data\test_wave\F62D25.WAV
..\data\test_wave\F62D250.WAV
..\data\test_wave\F62D251.WAV
..\data\test_wave\F62D252.WAV
..\data\test_wave\F62D253.WAV
..\data\test_wave\F62D254.WAV
..\data\test_wave\F62D255.WAV
..\data\test_wave\F62D256.WAV
..\data\test_wave\F62D257.WAV
..\data\test_wave\F62D258.WAV
..\data\test_wave\F62D259.WAV
..\data\test_wave\F62D26.WAV
..\data\test_wave\F62D260.WAV
..\data\test_wave\F62D261.WAV
..\data\test_wave\F62D262.WAV
..\data\test_wave\F62D263.WAV
..\data\test_wave\F62D264.WAV
..\data\test_wave\F62D265.WAV
..\data\test_wave\F62D266.WAV
..\data\test_wave\F62D267.WAV
..\data\test_wave\F62D268.WAV
..\data\test_wave\F62D269.WAV
..\data\test_wave\F62D27.WAV
..\data\test_wave\F62D270.WAV
..\data\test_wave\F62D271.WAV
..\data\test_wave\F62D272.WAV
..\data\test_wave\F62D273.WAV
..\data\test_wave\F62D274.WAV
..\data\test_wave\F62D275.WAV
..\data\test_wave\F62D276.WAV
..\data\test_wave\F62D277.WAV
..\data\test_wave\F62D278.WAV
..\data\test_wave\F62D279.WAV
..\data\test_wave\F62D28.WAV
..\data\test_wave\F62D280.WAV
..\data\test_wave\F62D281.WAV
..\data\test_wave\F62D282.WAV
..\data\test_wave\F62D283.WAV
..\data\test_wave\F62D284.WAV
..\data\test_wave\F62D285.WAV
..\data\test_wave\F62D286.WAV
..\data\test_wave\F62D287.WAV
..\data\test_wave\F62D288.WAV
..\data\test_wave\F62D289.WAV
..\data\test_wave\F62D29.WAV
..\data\test_wave\F62D290.WAV
..\data\test_wave\F62D291.WAV
..\data\test_wave\F62D292.WAV
..\data\test_wave\F62D293.WAV
..\data\test_wave\F62D294.WAV
..\data\test_wave\F62D295.WAV
..\data\test_wave\F62D296.WAV
..\data\test_wave\F62D297.WAV
..\data\test_wave\F62D298.WAV
..\data\test_wave\F62D299.WAV
..\data\test_wave\F62D3.WAV
..\data\test_wave\F62D30.WAV
..\data\test_wave\F62D300.WAV
..\data\test_wave\F62D301.WAV
..\data\test_wave\F62D302.WAV
..\data\test_wave\F62D303.WAV
..\data\test_wave\F62D304.WAV
..\data\test_wave\F62D305.WAV
..\data\test_wave\F62D306.WAV
..\data\test_wave\F62D307.WAV
..\data\test_wave\F62D308.WAV
..\data\test_wave\F62D309.WAV
..\data\test_wave\F62D31.WAV
..\data\test_wave\F62D310.WAV
..\data\test_wave\F62D311.WAV
..\data\test_wave\F62D312.WAV
..\data\test_wave\F62D313.WAV
..\data\test_wave\F62D314.WAV
..\data\test_wave\F62D315.WAV
..\data\test_wave\F62D316.WAV
..\data\test_wave\F62D317.WAV
..\data\test_wave\F62D318.WAV
..\data\test_wave\F62D319.WAV
..\data\test_wave\F62D32.WAV
..\data\test_wave\F62D320.WAV
..\data\test_wave\F62D321.WAV
..\data\test_wave\F62D322.WAV
..\data\test_wave\F62D323.WAV
..\data\test_wave\F62D324.WAV
..\data\test_wave\F62D325.WAV
..\data\test_wave\F62D326.WAV
..\data\test_wave\F62D327.WAV
..\data\test_wave\F62D328.WAV
..\data\test_wave\F62D329.WAV
..\data\test_wave\F62D33.WAV
..\data\test_wave\F62D330.WAV
..\data\test_wave\F62D331.WAV
..\data\test_wave\F62D332.WAV
..\data\test_wave\F62D333.WAV
..\data\test_wave\F62D334.WAV
..\data\test_wave\F62D335.WAV
..\data\test_wave\F62D336.WAV
..\data\test_wave\F62D337.WAV
..\data\test_wave\F62D338.WAV
..\data\test_wave\F62D339.WAV
..\data\test_wave\F62D34.WAV
..\data\test_wave\F62D340.WAV
..\data\test_wave\F62D341.WAV
..\data\test_wave\F62D342.WAV
..\data\test_wave\F62D343.WAV
..\data\test_wave\F62D344.WAV
..\data\test_wave\F62D345.WAV
..\data\test_wave\F62D346.WAV
..\data\test_wave\F62D347.WAV
..\data\test_wave\F62D348.WAV
..\data\test_wave\F62D349.WAV
..\data\test_wave\F62D35.WAV
..\data\test_wave\F62D350.WAV
..\data\test_wave\F62D351.WAV
..\data\test_wave\F62D352.WAV
..\data\test_wave\F62D353.WAV
..\data\test_wave\F62D354.WAV
..\data\test_wave\F62D355.WAV
..\data\test_wave\F62D356.WAV
..\data\test_wave\F62D357.WAV
..\data\test_wave\F62D358.WAV
..\data\test_wave\F62D359.WAV
..\data\test_wave\F62D36.WAV
..\data\test_wave\F62D360.WAV
..\data\test_wave\F62D361.WAV
..\data\test_wave\F62D362.WAV
..\data\test_wave\F62D363.WAV
..\data\test_wave\F62D364.WAV
..\data\test_wave\F62D365.WAV
..\data\test_wave\F62D366.WAV
..\data\test_wave\F62D367.WAV
..\data\test_wave\F62D368.WAV
..\data\test_wave\F62D369.WAV
..\data\test_wave\F62D37.WAV
..\data\test_wave\F62D370.WAV
..\data\test_wave\F62D371.WAV
..\data\test_wave\F62D372.WAV
..\data\test_wave\F62D373.WAV
..\data\test_wave\F62D374.WAV
..\data\test_wave\F62D375.WAV
..\data\test_wave\F62D376.WAV
..\data\test_wave\F62D377.WAV
..\data\test_wave\F62D378.WAV
..\data\test_wave\F62D379.WAV
..\data\test_wave\F62D38.WAV
..\data\test_wave\F62D380.WAV
..\data\test_wave\F62D381.WAV
..\data\test_wave\F62D382.WAV
..\data\test_wave\F62D383.WAV
..\data\test_wave\F62D384.WAV
..\data\test_wave\F62D385.WAV
..\data\test_wave\F62D386.WAV
..\data\test_wave\F62D387.WAV
..\data\test_wave\F62D388.WAV
..\data\test_wave\F62D389.WAV
..\data\test_wave\F62D39.WAV
..\data\test_wave\F62D390.WAV
..\data\test_wave\F62D391.WAV
..\data\test_wave\F62D392.WAV
..\data\test_wave\F62D393.WAV
..\data\test_wave\F62D394.WAV
..\data\test_wave\F62D395.WAV
..\data\test_wave\F62D396.WAV
..\data\test_wave\F62D397.WAV
..\data\test_wave\F62D398.WAV
..\data\test_wave\F62D399.WAV
..\data\test_wave\F62D4.WAV
..\data\test_wave\F62D40.WAV
..\data\test_wave\F62D400.WAV
..\data\test_wave\F62D401.WAV
..\data\test_wave\F62D402.WAV
..\data\test_wave\F62D403.WAV
..\data\test_wave\F62D404.WAV
..\data\test_wave\F62D405.WAV
..\data\test_wave\F62D406.WAV
..\data\test_wave\F62D407.WAV
..\data\test_wave\F62D408.WAV
..\data\test_wave\F62D409.WAV
..\data\test_wave\F62D41.WAV
..\data\test_wave\F62D410.WAV
..\data\test_wave\F62D411.WAV
..\data\test_wave\F62D412.WAV
..\data\test_wave\F62D413.WAV
..\data\test_wave\F62D414.WAV
..\data\test_wave\F62D415.WAV
..\data\test_wave\F62D416.WAV
..\data\test_wave\F62D417.WAV
..\data\test_wave\F62D418.WAV
..\data\test_wave\F62D419.WAV
..\data\test_wave\F62D42.WAV
..\data\test_wave\F62D420.WAV
..\data\test_wave\F62D421.WAV
..\data\test_wave\F62D422.WAV
..\data\test_wave\F62D423.WAV
..\data\test_wave\F62D424.WAV
..\data\test_wave\F62D425.WAV
..\data\test_wave\F62D426.WAV
..\data\test_wave\F62D427.WAV
..\data\test_wave\F62D428.WAV
..\data\test_wave\F62D429.WAV
..\data\test_wave\F62D43.WAV
..\data\test_wave\F62D430.WAV
..\data\test_wave\F62D431.WAV
..\data\test_wave\F62D432.WAV
..\data\test_wave\F62D433.WAV
..\data\test_wave\F62D434.WAV
..\data\test_wave\F62D435.WAV
..\data\test_wave\F62D436.WAV
..\data\test_wave\F62D437.WAV
..\data\test_wave\F62D438.WAV
..\data\test_wave\F62D439.WAV
..\data\test_wave\F62D44.WAV
..\data\test_wave\F62D440.WAV
..\data\test_wave\F62D441.WAV
..\data\test_wave\F62D442.WAV
..\data\test_wave\F62D443.WAV
..\data\test_wave\F62D444.WAV
..\data\test_wave\F62D445.WAV
..\data\test_wave\F62D446.WAV
..\data\test_wave\F62D447.WAV
..\data\test_wave\F62D448.WAV
..\data\test_wave\F62D449.WAV
..\data\test_wave\F62D45.WAV
..\data\test_wave\F62D450.WAV
..\data\test_wave\F62D451.WAV
..\data\test_wave\F62D452.WAV
..\data\test_wave\F62D453.WAV
..\data\test_wave\F62D454.WAV
..\data\test_wave\F62D455.WAV
..\data\test_wave\F62D456.WAV
..\data\test_wave\F62D457.WAV
..\data\test_wave\F62D458.WAV
..\data\test_wave\F62D459.WAV
..\data\test_wave\F62D46.WAV
..\data\test_wave\F62D460.WAV
..\data\test_wave\F62D461.WAV
..\data\test_wave\F62D462.WAV
..\data\test_wave\F62D463.WAV
..\data\test_wave\F62D464.WAV
..\data\test_wave\F62D465.WAV
..\data\test_wave\F62D466.WAV
..\data\test_wave\F62D467.WAV
..\data\test_wave\F62D468.WAV
..\data\test_wave\F62D469.WAV
..\data\test_wave\F62D47.WAV
..\data\test_wave\F62D470.WAV
..\data\test_wave\F62D471.WAV
..\data\test_wave\F62D472.WAV
..\data\test_wave\F62D473.WAV
..\data\test_wave\F62D474.WAV
..\data\test_wave\F62D475.WAV
..\data\test_wave\F62D476.WAV
..\data\test_wave\F62D477.WAV
..\data\test_wave\F62D478.WAV
..\data\test_wave\F62D479.WAV
..\data\test_wave\F62D48.WAV
..\data\test_wave\F62D480.WAV
..\data\test_wave\F62D481.WAV
..\data\test_wave\F62D482.WAV
..\data\test_wave\F62D483.WAV
..\data\test_wave\F62D484.WAV
..\data\test_wave\F62D485.WAV
..\data\test_wave\F62D486.WAV
..\data\test_wave\F62D487.WAV
..\data\test_wave\F62D488.WAV
..\data\test_wave\F62D489.WAV
..\data\test_wave\F62D49.WAV
..\data\test_wave\F62D490.WAV
..\data\test_wave\F62D491.WAV
..\data\test_wave\F62D492.WAV
..\data\test_wave\F62D493.WAV
..\data\test_wave\F62D494.WAV
..\data\test_wave\F62D495.WAV
..\data\test_wave\F62D496.WAV
..\data\test_wave\F62D497.WAV
..\data\test_wave\F62D498.WAV
..\data\test_wave\F62D499.WAV
..\data\test_wave\F62D5.WAV
..\data\test_wave\F62D50.WAV
..\data\test_wave\F62D500.WAV
..\data\test_wave\F62D501.WAV
..\data\test_wave\F62D502.WAV
..\data\test_wave\F62D503.WAV
..\data\test_wave\F62D504.WAV
..\data\test_wave\F62D505.WAV
..\data\test_wave\F62D506.WAV
..\data\test_wave\F62D507.WAV
..\data\test_wave\F62D508.WAV
..\data\test_wave\F62D509.WAV
..\data\test_wave\F62D51.WAV
..\data\test_wave\F62D510.WAV
..\data\test_wave\F62D511.WAV
..\data\test_wave\F62D512.WAV
..\data\test_wave\F62D513.WAV
..\data\test_wave\F62D514.WAV
..\data\test_wave\F62D515.WAV
..\data\test_wave\F62D516.WAV
..\data\test_wave\F62D517.WAV
..\data\test_wave\F62D518.WAV
..\data\test_wave\F62D519.WAV
..\data\test_wave\F62D52.WAV
..\data\test_wave\F62D520.WAV
..\data\test_wave\F62D521.WAV
..\data\test_wave\F62D522.WAV
..\data\test_wave\F62D523.WAV
..\data\test_wave\F62D524.WAV
..\data\test_wave\F62D525.WAV
..\data\test_wave\F62D526.WAV
..\data\test_wave\F62D527.WAV
..\data\test_wave\F62D528.WAV
..\data\test_wave\F62D529.WAV
..\data\test_wave\F62D53.WAV
..\data\test_wave\F62D530.WAV
..\data\test_wave\F62D531.WAV
..\data\test_wave\F62D532.WAV
..\data\test_wave\F62D533.WAV
..\data\test_wave\F62D534.WAV
..\data\test_wave\F62D535.WAV
..\data\test_wave\F62D536.WAV
..\data\test_wave\F62D537.WAV
..\data\test_wave\F62D538.WAV
..\data\test_wave\F62D539.WAV
..\data\test_wave\F62D54.WAV
..\data\test_wave\F62D540.WAV
..\data\test_wave\F62D541.WAV
..\data\test_wave\F62D542.WAV
..\data\test_wave\F62D543.WAV
..\data\test_wave\F62D544.WAV
..\data\test_wave\F62D545.WAV
..\data\test_wave\F62D546.WAV
..\data\test_wave\F62D547.WAV
..\data\test_wave\F62D548.WAV
..\data\test_wave\F62D549.WAV
..\data\test_wave\F62D55.WAV
..\data\test_wave\F62D550.WAV
..\data\test_wave\F62D551.WAV
..\data\test_wave\F62D552.WAV
..\data\test_wave\F62D553.WAV
..\data\test_wave\F62D554.WAV
..\data\test_wave\F62D555.WAV
..\data\test_wave\F62D556.WAV
..\data\test_wave\F62D557.WAV
..\data\test_wave\F62D558.WAV
..\data\test_wave\F62D559.WAV
..\data\test_wave\F62D56.WAV
..\data\test_wave\F62D560.WAV
..\data\test_wave\F62D561.WAV
..\data\test_wave\F62D562.WAV
..\data\test_wave\F62D563.WAV
..\data\test_wave\F62D564.WAV
..\data\test_wave\F62D565.WAV
..\data\test_wave\F62D566.WAV
..\data\test_wave\F62D567.WAV
..\data\test_wave\F62D568.WAV
..\data\test_wave\F62D569.WAV
..\data\test_wave\F62D57.WAV
..\data\test_wave\F62D570.WAV
..\data\test_wave\F62D571.WAV
..\data\test_wave\F62D572.WAV
..\data\test_wave\F62D573.WAV
..\data\test_wave\F62D574.WAV
..\data\test_wave\F62D575.WAV
..\data\test_wave\F62D576.WAV
..\data\test_wave\F62D577.WAV
..\data\test_wave\F62D578.WAV
..\data\test_wave\F62D579.WAV
..\data\test_wave\F62D58.WAV
..\data\test_wave\F62D580.WAV
..\data\test_wave\F62D581.WAV
..\data\test_wave\F62D582.WAV
..\data\test_wave\F62D583.WAV
..\data\test_wave\F62D584.WAV
..\data\test_wave\F62D585.WAV
..\data\test_wave\F62D586.WAV
..\data\test_wave\F62D587.WAV
..\data\test_wave\F62D588.WAV
..\data\test_wave\F62D589.WAV
..\data\test_wave\F62D59.WAV
..\data\test_wave\F62D590.WAV
..\data\test_wave\F62D591.WAV
..\data\test_wave\F62D592.WAV
..\data\test_wave\F62D593.WAV
..\data\test_wave\F62D594.WAV
..\data\test_wave\F62D595.WAV
..\data\test_wave\F62D596.WAV
..\data\test_wave\F62D597.WAV
..\data\test_wave\F62D598.WAV
..\data\test_wave\F62D599.WAV
..\data\test_wave\F62D6.WAV
..\data\test_wave\F62D60.WAV
..\data\test_wave\F62D600.WAV
..\data\test_wave\F62D601.WAV
..\data\test_wave\F62D602.WAV
..\data\test_wave\F62D603.WAV
..\data\test_wave\F62D604.WAV
..\data\test_wave\F62D605.WAV
..\data\test_wave\F62D606.WAV
..\data\test_wave\F62D607.WAV
..\data\test_wave\F62D608.WAV
..\data\test_wave\F62D609.WAV
..\data\test_wave\F62D61.WAV
..\data\test_wave\F62D610.WAV
..\data\test_wave\F62D611.WAV
..\data\test_wave\F62D612.WAV
..\data\test_wave\F62D613.WAV
..\data\test_wave\F62D614.WAV
..\data\test_wave\F62D615.WAV
..\data\test_wave\F62D616.WAV
..\data\test_wave\F62D617.WAV
..\data\test_wave\F62D618.WAV
..\data\test_wave\F62D619.WAV
..\data\test_wave\F62D62.WAV
..\data\test_wave\F62D620.WAV
..\data\test_wave\F62D621.WAV
..\data\test_wave\F62D622.WAV
..\data\test_wave\F62D623.WAV
..\data\test_wave\F62D624.WAV
..\data\test_wave\F62D625.WAV
..\data\test_wave\F62D63.WAV
..\data\test_wave\F62D64.WAV
..\data\test_wave\F62D65.WAV
..\data\test_wave\F62D66.WAV
..\data\test_wave\F62D67.WAV
..\data\test_wave\F62D68.WAV
..\data\test_wave\F62D69.WAV
..\data\test_wave\F62D7.WAV
..\data\test_wave\F62D70.WAV
..\data\test_wave\F62D71.WAV
..\data\test_wave\F62D72.WAV
..\data\test_wave\F62D73.WAV
..\data\test_wave\F62D74.WAV
..\data\test_wave\F62D75.WAV
..\data\test_wave\F62D76.WAV
..\data\test_wave\F62D77.WAV
..\data\test_wave\F62D78.WAV
..\data\test_wave\F62D79.WAV
..\data\test_wave\F62D8.WAV
..\data\test_wave\F62D80.WAV
..\data\test_wave\F62D81.WAV
..\data\test_wave\F62D82.WAV
..\data\test_wave\F62D83.WAV
..\data\test_wave\F62D84.WAV
..\data\test_wave\F62D85.WAV
..\data\test_wave\F62D86.WAV
..\data\test_wave\F62D87.WAV
..\data\test_wave\F62D88.WAV
..\data\test_wave\F62D89.WAV
..\data\test_wave\F62D9.WAV
..\data\test_wave\F62D90.WAV
..\data\test_wave\F62D91.WAV
..\data\test_wave\F62D92.WAV
..\data\test_wave\F62D93.WAV
..\data\test_wave\F62D94.WAV
..\data\test_wave\F62D95.WAV
..\data\test_wave\F62D96.WAV
..\data\test_wave\F62D97.WAV
..\data\test_wave\F62D98.WAV
..\data\test_wave\F62D99.WAV
..\data\test_wave\F63D1.WAV
..\data\test_wave\F63D10.WAV
..\data\test_wave\F63D100.WAV
..\data\test_wave\F63D101.WAV
..\data\test_wave\F63D102.WAV
..\data\test_wave\F63D103.WAV
..\data\test_wave\F63D104.WAV
..\data\test_wave\F63D105.WAV
..\data\test_wave\F63D106.WAV
..\data\test_wave\F63D107.WAV
..\data\test_wave\F63D108.WAV
..\data\test_wave\F63D109.WAV
..\data\test_wave\F63D11.WAV
..\data\test_wave\F63D110.WAV
..\data\test_wave\F63D111.WAV
..\data\test_wave\F63D112.WAV
..\data\test_wave\F63D113.WAV
..\data\test_wave\F63D114.WAV
..\data\test_wave\F63D115.WAV
..\data\test_wave\F63D116.WAV
..\data\test_wave\F63D117.WAV
..\data\test_wave\F63D118.WAV
..\data\test_wave\F63D119.WAV
..\data\test_wave\F63D12.WAV
..\data\test_wave\F63D120.WAV
..\data\test_wave\F63D121.WAV
..\data\test_wave\F63D122.WAV
..\data\test_wave\F63D123.WAV
..\data\test_wave\F63D124.WAV
..\data\test_wave\F63D125.WAV
..\data\test_wave\F63D126.WAV
..\data\test_wave\F63D127.WAV
..\data\test_wave\F63D128.WAV
..\data\test_wave\F63D129.WAV
..\data\test_wave\F63D13.WAV
..\data\test_wave\F63D130.WAV
..\data\test_wave\F63D131.WAV
..\data\test_wave\F63D132.WAV
..\data\test_wave\F63D133.WAV
..\data\test_wave\F63D134.WAV
..\data\test_wave\F63D135.WAV
..\data\test_wave\F63D136.WAV
..\data\test_wave\F63D137.WAV
..\data\test_wave\F63D138.WAV
..\data\test_wave\F63D139.WAV
..\data\test_wave\F63D14.WAV
..\data\test_wave\F63D140.WAV
..\data\test_wave\F63D141.WAV
..\data\test_wave\F63D142.WAV
..\data\test_wave\F63D143.WAV
..\data\test_wave\F63D144.WAV
..\data\test_wave\F63D145.WAV
..\data\test_wave\F63D146.WAV
..\data\test_wave\F63D147.WAV
..\data\test_wave\F63D148.WAV
..\data\test_wave\F63D149.WAV
..\data\test_wave\F63D15.WAV
..\data\test_wave\F63D150.WAV
..\data\test_wave\F63D151.WAV
..\data\test_wave\F63D152.WAV
..\data\test_wave\F63D153.WAV
..\data\test_wave\F63D154.WAV
..\data\test_wave\F63D155.WAV
..\data\test_wave\F63D156.WAV
..\data\test_wave\F63D157.WAV
..\data\test_wave\F63D158.WAV
..\data\test_wave\F63D159.WAV
..\data\test_wave\F63D16.WAV
..\data\test_wave\F63D160.WAV
..\data\test_wave\F63D161.WAV
..\data\test_wave\F63D162.WAV
..\data\test_wave\F63D163.WAV
..\data\test_wave\F63D164.WAV
..\data\test_wave\F63D165.WAV
..\data\test_wave\F63D166.WAV
..\data\test_wave\F63D167.WAV
..\data\test_wave\F63D168.WAV
..\data\test_wave\F63D169.WAV
..\data\test_wave\F63D17.WAV
..\data\test_wave\F63D170.WAV
..\data\test_wave\F63D171.WAV
..\data\test_wave\F63D172.WAV
..\data\test_wave\F63D173.WAV
..\data\test_wave\F63D174.WAV
..\data\test_wave\F63D175.WAV
..\data\test_wave\F63D176.WAV
..\data\test_wave\F63D177.WAV
..\data\test_wave\F63D178.WAV
..\data\test_wave\F63D179.WAV
..\data\test_wave\F63D18.WAV
..\data\test_wave\F63D180.WAV
..\data\test_wave\F63D181.WAV
..\data\test_wave\F63D182.WAV
..\data\test_wave\F63D183.WAV
..\data\test_wave\F63D184.WAV
..\data\test_wave\F63D185.WAV
..\data\test_wave\F63D186.WAV
..\data\test_wave\F63D187.WAV
..\data\test_wave\F63D188.WAV
..\data\test_wave\F63D189.WAV
..\data\test_wave\F63D19.WAV
..\data\test_wave\F63D190.WAV
..\data\test_wave\F63D191.WAV
..\data\test_wave\F63D192.WAV
..\data\test_wave\F63D193.WAV
..\data\test_wave\F63D194.WAV
..\data\test_wave\F63D195.WAV
..\data\test_wave\F63D196.WAV
..\data\test_wave\F63D197.WAV
..\data\test_wave\F63D198.WAV
..\data\test_wave\F63D199.WAV
..\data\test_wave\F63D2.WAV
..\data\test_wave\F63D20.WAV
..\data\test_wave\F63D200.WAV
..\data\test_wave\F63D201.WAV
..\data\test_wave\F63D202.WAV
..\data\test_wave\F63D203.WAV
..\data\test_wave\F63D204.WAV
..\data\test_wave\F63D205.WAV
..\data\test_wave\F63D206.WAV
..\data\test_wave\F63D207.WAV
..\data\test_wave\F63D208.WAV
..\data\test_wave\F63D209.WAV
..\data\test_wave\F63D21.WAV
..\data\test_wave\F63D210.WAV
..\data\test_wave\F63D211.WAV
..\data\test_wave\F63D212.WAV
..\data\test_wave\F63D213.WAV
..\data\test_wave\F63D214.WAV
..\data\test_wave\F63D215.WAV
..\data\test_wave\F63D216.WAV
..\data\test_wave\F63D217.WAV
..\data\test_wave\F63D218.WAV
..\data\test_wave\F63D219.WAV
..\data\test_wave\F63D22.WAV
..\data\test_wave\F63D220.WAV
..\data\test_wave\F63D221.WAV
..\data\test_wave\F63D222.WAV
..\data\test_wave\F63D223.WAV
..\data\test_wave\F63D224.WAV
..\data\test_wave\F63D225.WAV
..\data\test_wave\F63D226.WAV
..\data\test_wave\F63D227.WAV
..\data\test_wave\F63D228.WAV
..\data\test_wave\F63D229.WAV
..\data\test_wave\F63D23.WAV
..\data\test_wave\F63D230.WAV
..\data\test_wave\F63D231.WAV
..\data\test_wave\F63D232.WAV
..\data\test_wave\F63D233.WAV
..\data\test_wave\F63D234.WAV
..\data\test_wave\F63D235.WAV
..\data\test_wave\F63D236.WAV
..\data\test_wave\F63D237.WAV
..\data\test_wave\F63D238.WAV
..\data\test_wave\F63D239.WAV
..\data\test_wave\F63D24.WAV
..\data\test_wave\F63D240.WAV
..\data\test_wave\F63D241.WAV
..\data\test_wave\F63D242.WAV
..\data\test_wave\F63D243.WAV
..\data\test_wave\F63D244.WAV
..\data\test_wave\F63D245.WAV
..\data\test_wave\F63D246.WAV
..\data\test_wave\F63D247.WAV
..\data\test_wave\F63D248.WAV
..\data\test_wave\F63D249.WAV
..\data\test_wave\F63D25.WAV
..\data\test_wave\F63D250.WAV
..\data\test_wave\F63D251.WAV
..\data\test_wave\F63D252.WAV
..\data\test_wave\F63D253.WAV
..\data\test_wave\F63D254.WAV
..\data\test_wave\F63D255.WAV
..\data\test_wave\F63D256.WAV
..\data\test_wave\F63D257.WAV
..\data\test_wave\F63D258.WAV
..\data\test_wave\F63D259.WAV
..\data\test_wave\F63D26.WAV
..\data\test_wave\F63D260.WAV
..\data\test_wave\F63D261.WAV
..\data\test_wave\F63D262.WAV
..\data\test_wave\F63D263.WAV
..\data\test_wave\F63D264.WAV
..\data\test_wave\F63D265.WAV
..\data\test_wave\F63D266.WAV
..\data\test_wave\F63D267.WAV
..\data\test_wave\F63D268.WAV
..\data\test_wave\F63D269.WAV
..\data\test_wave\F63D27.WAV
..\data\test_wave\F63D270.WAV
..\data\test_wave\F63D271.WAV
..\data\test_wave\F63D272.WAV
..\data\test_wave\F63D273.WAV
..\data\test_wave\F63D274.WAV
..\data\test_wave\F63D275.WAV
..\data\test_wave\F63D276.WAV
..\data\test_wave\F63D277.WAV
..\data\test_wave\F63D278.WAV
..\data\test_wave\F63D279.WAV
..\data\test_wave\F63D28.WAV
..\data\test_wave\F63D280.WAV
..\data\test_wave\F63D281.WAV
..\data\test_wave\F63D282.WAV
..\data\test_wave\F63D283.WAV
..\data\test_wave\F63D284.WAV
..\data\test_wave\F63D285.WAV
..\data\test_wave\F63D286.WAV
..\data\test_wave\F63D287.WAV
..\data\test_wave\F63D288.WAV
..\data\test_wave\F63D289.WAV
..\data\test_wave\F63D29.WAV
..\data\test_wave\F63D290.WAV
..\data\test_wave\F63D291.WAV
..\data\test_wave\F63D292.WAV
..\data\test_wave\F63D293.WAV
..\data\test_wave\F63D294.WAV
..\data\test_wave\F63D295.WAV
..\data\test_wave\F63D296.WAV
..\data\test_wave\F63D297.WAV
..\data\test_wave\F63D298.WAV
..\data\test_wave\F63D299.WAV
..\data\test_wave\F63D3.WAV
..\data\test_wave\F63D30.WAV
..\data\test_wave\F63D300.WAV
..\data\test_wave\F63D301.WAV
..\data\test_wave\F63D302.WAV
..\data\test_wave\F63D303.WAV
..\data\test_wave\F63D304.WAV
..\data\test_wave\F63D305.WAV
..\data\test_wave\F63D306.WAV
..\data\test_wave\F63D307.WAV
..\data\test_wave\F63D308.WAV
..\data\test_wave\F63D309.WAV
..\data\test_wave\F63D31.WAV
..\data\test_wave\F63D310.WAV
..\data\test_wave\F63D311.WAV
..\data\test_wave\F63D312.WAV
..\data\test_wave\F63D313.WAV
..\data\test_wave\F63D314.WAV
..\data\test_wave\F63D315.WAV
..\data\test_wave\F63D316.WAV
..\data\test_wave\F63D317.WAV
..\data\test_wave\F63D318.WAV
..\data\test_wave\F63D319.WAV
..\data\test_wave\F63D32.WAV
..\data\test_wave\F63D320.WAV
..\data\test_wave\F63D321.WAV
..\data\test_wave\F63D322.WAV
..\data\test_wave\F63D323.WAV
..\data\test_wave\F63D324.WAV
..\data\test_wave\F63D325.WAV
..\data\test_wave\F63D326.WAV
..\data\test_wave\F63D327.WAV
..\data\test_wave\F63D328.WAV
..\data\test_wave\F63D329.WAV
..\data\test_wave\F63D33.WAV
..\data\test_wave\F63D330.WAV
..\data\test_wave\F63D331.WAV
..\data\test_wave\F63D332.WAV
..\data\test_wave\F63D333.WAV
..\data\test_wave\F63D334.WAV
..\data\test_wave\F63D335.WAV
..\data\test_wave\F63D336.WAV
..\data\test_wave\F63D337.WAV
..\data\test_wave\F63D338.WAV
..\data\test_wave\F63D339.WAV
..\data\test_wave\F63D34.WAV
..\data\test_wave\F63D340.WAV
..\data\test_wave\F63D341.WAV
..\data\test_wave\F63D342.WAV
..\data\test_wave\F63D343.WAV
..\data\test_wave\F63D344.WAV
..\data\test_wave\F63D345.WAV
..\data\test_wave\F63D346.WAV
..\data\test_wave\F63D347.WAV
..\data\test_wave\F63D348.WAV
..\data\test_wave\F63D349.WAV
..\data\test_wave\F63D35.WAV
..\data\test_wave\F63D350.WAV
..\data\test_wave\F63D351.WAV
..\data\test_wave\F63D352.WAV
..\data\test_wave\F63D353.WAV
..\data\test_wave\F63D354.WAV
..\data\test_wave\F63D355.WAV
..\data\test_wave\F63D356.WAV
..\data\test_wave\F63D357.WAV
..\data\test_wave\F63D358.WAV
..\data\test_wave\F63D359.WAV
..\data\test_wave\F63D36.WAV
..\data\test_wave\F63D360.WAV
..\data\test_wave\F63D361.WAV
..\data\test_wave\F63D362.WAV
..\data\test_wave\F63D363.WAV
..\data\test_wave\F63D364.WAV
..\data\test_wave\F63D365.WAV
..\data\test_wave\F63D366.WAV
..\data\test_wave\F63D367.WAV
..\data\test_wave\F63D368.WAV
..\data\test_wave\F63D369.WAV
..\data\test_wave\F63D37.WAV
..\data\test_wave\F63D370.WAV
..\data\test_wave\F63D371.WAV
..\data\test_wave\F63D372.WAV
..\data\test_wave\F63D373.WAV
..\data\test_wave\F63D374.WAV
..\data\test_wave\F63D375.WAV
..\data\test_wave\F63D376.WAV
..\data\test_wave\F63D377.WAV
..\data\test_wave\F63D378.WAV
..\data\test_wave\F63D379.WAV
..\data\test_wave\F63D38.WAV
..\data\test_wave\F63D380.WAV
..\data\test_wave\F63D381.WAV
..\data\test_wave\F63D382.WAV
..\data\test_wave\F63D383.WAV
..\data\test_wave\F63D384.WAV
..\data\test_wave\F63D385.WAV
..\data\test_wave\F63D386.WAV
..\data\test_wave\F63D387.WAV
..\data\test_wave\F63D388.WAV
..\data\test_wave\F63D389.WAV
..\data\test_wave\F63D39.WAV
..\data\test_wave\F63D390.WAV
..\data\test_wave\F63D391.WAV
..\data\test_wave\F63D392.WAV
..\data\test_wave\F63D393.WAV
..\data\test_wave\F63D394.WAV
..\data\test_wave\F63D395.WAV
..\data\test_wave\F63D396.WAV
..\data\test_wave\F63D397.WAV
..\data\test_wave\F63D398.WAV
..\data\test_wave\F63D399.WAV
..\data\test_wave\F63D4.WAV
..\data\test_wave\F63D40.WAV
..\data\test_wave\F63D400.WAV
..\data\test_wave\F63D401.WAV
..\data\test_wave\F63D402.WAV
..\data\test_wave\F63D403.WAV
..\data\test_wave\F63D404.WAV
..\data\test_wave\F63D405.WAV
..\data\test_wave\F63D406.WAV
..\data\test_wave\F63D407.WAV
..\data\test_wave\F63D408.WAV
..\data\test_wave\F63D409.WAV
..\data\test_wave\F63D41.WAV
..\data\test_wave\F63D410.WAV
..\data\test_wave\F63D411.WAV
..\data\test_wave\F63D412.WAV
..\data\test_wave\F63D413.WAV
..\data\test_wave\F63D414.WAV
..\data\test_wave\F63D415.WAV
..\data\test_wave\F63D416.WAV
..\data\test_wave\F63D417.WAV
..\data\test_wave\F63D418.WAV
..\data\test_wave\F63D419.WAV
..\data\test_wave\F63D42.WAV
..\data\test_wave\F63D420.WAV
..\data\test_wave\F63D421.WAV
..\data\test_wave\F63D422.WAV
..\data\test_wave\F63D423.WAV
..\data\test_wave\F63D424.WAV
..\data\test_wave\F63D425.WAV
..\data\test_wave\F63D426.WAV
..\data\test_wave\F63D427.WAV
..\data\test_wave\F63D428.WAV
..\data\test_wave\F63D429.WAV
..\data\test_wave\F63D43.WAV
..\data\test_wave\F63D430.WAV
..\data\test_wave\F63D431.WAV
..\data\test_wave\F63D432.WAV
..\data\test_wave\F63D433.WAV
..\data\test_wave\F63D434.WAV
..\data\test_wave\F63D435.WAV
..\data\test_wave\F63D436.WAV
..\data\test_wave\F63D437.WAV
..\data\test_wave\F63D438.WAV
..\data\test_wave\F63D439.WAV
..\data\test_wave\F63D44.WAV
..\data\test_wave\F63D440.WAV
..\data\test_wave\F63D441.WAV
..\data\test_wave\F63D442.WAV
..\data\test_wave\F63D443.WAV
..\data\test_wave\F63D444.WAV
..\data\test_wave\F63D445.WAV
..\data\test_wave\F63D446.WAV
..\data\test_wave\F63D447.WAV
..\data\test_wave\F63D448.WAV
..\data\test_wave\F63D449.WAV
..\data\test_wave\F63D45.WAV
..\data\test_wave\F63D450.WAV
..\data\test_wave\F63D451.WAV
..\data\test_wave\F63D452.WAV
..\data\test_wave\F63D453.WAV
..\data\test_wave\F63D454.WAV
..\data\test_wave\F63D455.WAV
..\data\test_wave\F63D456.WAV
..\data\test_wave\F63D457.WAV
..\data\test_wave\F63D458.WAV
..\data\test_wave\F63D459.WAV
..\data\test_wave\F63D46.WAV
..\data\test_wave\F63D460.WAV
..\data\test_wave\F63D461.WAV
..\data\test_wave\F63D462.WAV
..\data\test_wave\F63D463.WAV
..\data\test_wave\F63D464.WAV
..\data\test_wave\F63D465.WAV
..\data\test_wave\F63D466.WAV
..\data\test_wave\F63D467.WAV
..\data\test_wave\F63D468.WAV
..\data\test_wave\F63D469.WAV
..\data\test_wave\F63D47.WAV
..\data\test_wave\F63D470.WAV
..\data\test_wave\F63D471.WAV
..\data\test_wave\F63D472.WAV
..\data\test_wave\F63D473.WAV
..\data\test_wave\F63D474.WAV
..\data\test_wave\F63D475.WAV
..\data\test_wave\F63D476.WAV
..\data\test_wave\F63D477.WAV
..\data\test_wave\F63D478.WAV
..\data\test_wave\F63D479.WAV
..\data\test_wave\F63D48.WAV
..\data\test_wave\F63D480.WAV
..\data\test_wave\F63D481.WAV
..\data\test_wave\F63D482.WAV
..\data\test_wave\F63D483.WAV
..\data\test_wave\F63D484.WAV
..\data\test_wave\F63D485.WAV
..\data\test_wave\F63D486.WAV
..\data\test_wave\F63D487.WAV
..\data\test_wave\F63D488.WAV
..\data\test_wave\F63D489.WAV
..\data\test_wave\F63D49.WAV
..\data\test_wave\F63D490.WAV
..\data\test_wave\F63D491.WAV
..\data\test_wave\F63D492.WAV
..\data\test_wave\F63D493.WAV
..\data\test_wave\F63D494.WAV
..\data\test_wave\F63D495.WAV
..\data\test_wave\F63D496.WAV
..\data\test_wave\F63D497.WAV
..\data\test_wave\F63D498.WAV
..\data\test_wave\F63D499.WAV
..\data\test_wave\F63D5.WAV
..\data\test_wave\F63D50.WAV
..\data\test_wave\F63D500.WAV
..\data\test_wave\F63D501.WAV
..\data\test_wave\F63D502.WAV
..\data\test_wave\F63D503.WAV
..\data\test_wave\F63D504.WAV
..\data\test_wave\F63D505.WAV
..\data\test_wave\F63D506.WAV
..\data\test_wave\F63D507.WAV
..\data\test_wave\F63D508.WAV
..\data\test_wave\F63D509.WAV
..\data\test_wave\F63D51.WAV
..\data\test_wave\F63D510.WAV
..\data\test_wave\F63D511.WAV
..\data\test_wave\F63D512.WAV
..\data\test_wave\F63D513.WAV
..\data\test_wave\F63D514.WAV
..\data\test_wave\F63D515.WAV
..\data\test_wave\F63D516.WAV
..\data\test_wave\F63D517.WAV
..\data\test_wave\F63D518.WAV
..\data\test_wave\F63D519.WAV
..\data\test_wave\F63D52.WAV
..\data\test_wave\F63D520.WAV
..\data\test_wave\F63D521.WAV
..\data\test_wave\F63D522.WAV
..\data\test_wave\F63D523.WAV
..\data\test_wave\F63D524.WAV
..\data\test_wave\F63D525.WAV
..\data\test_wave\F63D526.WAV
..\data\test_wave\F63D527.WAV
..\data\test_wave\F63D528.WAV
..\data\test_wave\F63D529.WAV
..\data\test_wave\F63D53.WAV
..\data\test_wave\F63D530.WAV
..\data\test_wave\F63D531.WAV
..\data\test_wave\F63D532.WAV
..\data\test_wave\F63D533.WAV
..\data\test_wave\F63D534.WAV
..\data\test_wave\F63D535.WAV
..\data\test_wave\F63D536.WAV
..\data\test_wave\F63D537.WAV
..\data\test_wave\F63D538.WAV
..\data\test_wave\F63D539.WAV
..\data\test_wave\F63D54.WAV
..\data\test_wave\F63D540.WAV
..\data\test_wave\F63D541.WAV
..\data\test_wave\F63D542.WAV
..\data\test_wave\F63D543.WAV
..\data\test_wave\F63D544.WAV
..\data\test_wave\F63D545.WAV
..\data\test_wave\F63D546.WAV
..\data\test_wave\F63D547.WAV
..\data\test_wave\F63D548.WAV
..\data\test_wave\F63D549.WAV
..\data\test_wave\F63D55.WAV
..\data\test_wave\F63D550.WAV
..\data\test_wave\F63D551.WAV
..\data\test_wave\F63D552.WAV
..\data\test_wave\F63D553.WAV
..\data\test_wave\F63D554.WAV
..\data\test_wave\F63D555.WAV
..\data\test_wave\F63D556.WAV
..\data\test_wave\F63D557.WAV
..\data\test_wave\F63D558.WAV
..\data\test_wave\F63D559.WAV
..\data\test_wave\F63D56.WAV
..\data\test_wave\F63D560.WAV
..\data\test_wave\F63D561.WAV
..\data\test_wave\F63D562.WAV
..\data\test_wave\F63D563.WAV
..\data\test_wave\F63D564.WAV
..\data\test_wave\F63D565.WAV
..\data\test_wave\F63D566.WAV
..\data\test_wave\F63D567.WAV
..\data\test_wave\F63D568.WAV
..\data\test_wave\F63D569.WAV
..\data\test_wave\F63D57.WAV
..\data\test_wave\F63D570.WAV
..\data\test_wave\F63D571.WAV
..\data\test_wave\F63D572.WAV
..\data\test_wave\F63D573.WAV
..\data\test_wave\F63D574.WAV
..\data\test_wave\F63D575.WAV
..\data\test_wave\F63D576.WAV
..\data\test_wave\F63D577.WAV
..\data\test_wave\F63D578.WAV
..\data\test_wave\F63D579.WAV
..\data\test_wave\F63D58.WAV
..\data\test_wave\F63D580.WAV
..\data\test_wave\F63D581.WAV
..\data\test_wave\F63D582.WAV
..\data\test_wave\F63D583.WAV
..\data\test_wave\F63D584.WAV
..\data\test_wave\F63D585.WAV
..\data\test_wave\F63D586.WAV
..\data\test_wave\F63D587.WAV
..\data\test_wave\F63D588.WAV
..\data\test_wave\F63D589.WAV
..\data\test_wave\F63D59.WAV
..\data\test_wave\F63D590.WAV
..\data\test_wave\F63D591.WAV
..\data\test_wave\F63D592.WAV
..\data\test_wave\F63D593.WAV
..\data\test_wave\F63D594.WAV
..\data\test_wave\F63D595.WAV
..\data\test_wave\F63D596.WAV
..\data\test_wave\F63D597.WAV
..\data\test_wave\F63D598.WAV
..\data\test_wave\F63D599.WAV
..\data\test_wave\F63D6.WAV
..\data\test_wave\F63D60.WAV
..\data\test_wave\F63D600.WAV
..\data\test_wave\F63D601.WAV
..\data\test_wave\F63D602.WAV
..\data\test_wave\F63D603.WAV
..\data\test_wave\F63D604.WAV
..\data\test_wave\F63D605.WAV
..\data\test_wave\F63D606.WAV
..\data\test_wave\F63D607.WAV
..\data\test_wave\F63D608.WAV
..\data\test_wave\F63D609.WAV
..\data\test_wave\F63D61.WAV
..\data\test_wave\F63D610.WAV
..\data\test_wave\F63D611.WAV
..\data\test_wave\F63D612.WAV
..\data\test_wave\F63D613.WAV
..\data\test_wave\F63D614.WAV
..\data\test_wave\F63D615.WAV
..\data\test_wave\F63D616.WAV
..\data\test_wave\F63D617.WAV
..\data\test_wave\F63D618.WAV
..\data\test_wave\F63D619.WAV
..\data\test_wave\F63D62.WAV
..\data\test_wave\F63D620.WAV
..\data\test_wave\F63D621.WAV
..\data\test_wave\F63D622.WAV
..\data\test_wave\F63D623.WAV
..\data\test_wave\F63D624.WAV
..\data\test_wave\F63D625.WAV
..\data\test_wave\F63D63.WAV
..\data\test_wave\F63D64.WAV
..\data\test_wave\F63D65.WAV
..\data\test_wave\F63D66.WAV
..\data\test_wave\F63D67.WAV
..\data\test_wave\F63D68.WAV
..\data\test_wave\F63D69.WAV
..\data\test_wave\F63D7.WAV
..\data\test_wave\F63D70.WAV
..\data\test_wave\F63D71.WAV
..\data\test_wave\F63D72.WAV
..\data\test_wave\F63D73.WAV
..\data\test_wave\F63D74.WAV
..\data\test_wave\F63D75.WAV
..\data\test_wave\F63D76.WAV
..\data\test_wave\F63D77.WAV
..\data\test_wave\F63D78.WAV
..\data\test_wave\F63D79.WAV
..\data\test_wave\F63D8.WAV
..\data\test_wave\F63D80.WAV
..\data\test_wave\F63D81.WAV
..\data\test_wave\F63D82.WAV
..\data\test_wave\F63D83.WAV
..\data\test_wave\F63D84.WAV
..\data\test_wave\F63D85.WAV
..\data\test_wave\F63D86.WAV
..\data\test_wave\F63D87.WAV
..\data\test_wave\F63D88.WAV
..\data\test_wave\F63D89.WAV
..\data\test_wave\F63D9.WAV
..\data\test_wave\F63D90.WAV
..\data\test_wave\F63D91.WAV
..\data\test_wave\F63D92.WAV
..\data\test_wave\F63D93.WAV
..\data\test_wave\F63D94.WAV
..\data\test_wave\F63D95.WAV
..\data\test_wave\F63D96.WAV
..\data\test_wave\F63D97.WAV
..\data\test_wave\F63D98.WAV
..\data\test_wave\F63D99.WAV
..\data\test_wave\F64D1.WAV
..\data\test_wave\F64D10.WAV
..\data\test_wave\F64D100.WAV
..\data\test_wave\F64D101.WAV
..\data\test_wave\F64D102.WAV
..\data\test_wave\F64D103.WAV
..\data\test_wave\F64D104.WAV
..\data\test_wave\F64D105.WAV
..\data\test_wave\F64D106.WAV
..\data\test_wave\F64D107.WAV
..\data\test_wave\F64D108.WAV
..\data\test_wave\F64D109.WAV
..\data\test_wave\F64D11.WAV
..\data\test_wave\F64D110.WAV
..\data\test_wave\F64D111.WAV
..\data\test_wave\F64D112.WAV
..\data\test_wave\F64D113.WAV
..\data\test_wave\F64D114.WAV
..\data\test_wave\F64D115.WAV
..\data\test_wave\F64D116.WAV
..\data\test_wave\F64D117.WAV
..\data\test_wave\F64D118.WAV
..\data\test_wave\F64D119.WAV
..\data\test_wave\F64D12.WAV
..\data\test_wave\F64D120.WAV
..\data\test_wave\F64D121.WAV
..\data\test_wave\F64D122.WAV
..\data\test_wave\F64D123.WAV
..\data\test_wave\F64D124.WAV
..\data\test_wave\F64D125.WAV
..\data\test_wave\F64D126.WAV
..\data\test_wave\F64D127.WAV
..\data\test_wave\F64D128.WAV
..\data\test_wave\F64D129.WAV
..\data\test_wave\F64D13.WAV
..\data\test_wave\F64D130.WAV
..\data\test_wave\F64D131.WAV
..\data\test_wave\F64D132.WAV
..\data\test_wave\F64D133.WAV
..\data\test_wave\F64D134.WAV
..\data\test_wave\F64D135.WAV
..\data\test_wave\F64D136.WAV
..\data\test_wave\F64D137.WAV
..\data\test_wave\F64D138.WAV
..\data\test_wave\F64D139.WAV
..\data\test_wave\F64D14.WAV
..\data\test_wave\F64D140.WAV
..\data\test_wave\F64D141.WAV
..\data\test_wave\F64D142.WAV
..\data\test_wave\F64D143.WAV
..\data\test_wave\F64D144.WAV
..\data\test_wave\F64D145.WAV
..\data\test_wave\F64D146.WAV
..\data\test_wave\F64D147.WAV
..\data\test_wave\F64D148.WAV
..\data\test_wave\F64D149.WAV
..\data\test_wave\F64D15.WAV
..\data\test_wave\F64D150.WAV
..\data\test_wave\F64D151.WAV
..\data\test_wave\F64D152.WAV
..\data\test_wave\F64D153.WAV
..\data\test_wave\F64D154.WAV
..\data\test_wave\F64D155.WAV
..\data\test_wave\F64D156.WAV
..\data\test_wave\F64D157.WAV
..\data\test_wave\F64D158.WAV
..\data\test_wave\F64D159.WAV
..\data\test_wave\F64D16.WAV
..\data\test_wave\F64D160.WAV
..\data\test_wave\F64D161.WAV
..\data\test_wave\F64D162.WAV
..\data\test_wave\F64D163.WAV
..\data\test_wave\F64D164.WAV
..\data\test_wave\F64D165.WAV
..\data\test_wave\F64D166.WAV
..\data\test_wave\F64D167.WAV
..\data\test_wave\F64D168.WAV
..\data\test_wave\F64D169.WAV
..\data\test_wave\F64D17.WAV
..\data\test_wave\F64D170.WAV
..\data\test_wave\F64D171.WAV
..\data\test_wave\F64D172.WAV
..\data\test_wave\F64D173.WAV
..\data\test_wave\F64D174.WAV
..\data\test_wave\F64D175.WAV
..\data\test_wave\F64D176.WAV
..\data\test_wave\F64D177.WAV
..\data\test_wave\F64D178.WAV
..\data\test_wave\F64D179.WAV
..\data\test_wave\F64D18.WAV
..\data\test_wave\F64D180.WAV
..\data\test_wave\F64D181.WAV
..\data\test_wave\F64D182.WAV
..\data\test_wave\F64D183.WAV
..\data\test_wave\F64D184.WAV
..\data\test_wave\F64D185.WAV
..\data\test_wave\F64D186.WAV
..\data\test_wave\F64D187.WAV
..\data\test_wave\F64D188.WAV
..\data\test_wave\F64D189.WAV
..\data\test_wave\F64D19.WAV
..\data\test_wave\F64D190.WAV
..\data\test_wave\F64D191.WAV
..\data\test_wave\F64D192.WAV
..\data\test_wave\F64D193.WAV
..\data\test_wave\F64D194.WAV
..\data\test_wave\F64D195.WAV
..\data\test_wave\F64D196.WAV
..\data\test_wave\F64D197.WAV
..\data\test_wave\F64D198.WAV
..\data\test_wave\F64D199.WAV
..\data\test_wave\F64D2.WAV
..\data\test_wave\F64D20.WAV
..\data\test_wave\F64D200.WAV
..\data\test_wave\F64D201.WAV
..\data\test_wave\F64D202.WAV
..\data\test_wave\F64D203.WAV
..\data\test_wave\F64D204.WAV
..\data\test_wave\F64D205.WAV
..\data\test_wave\F64D206.WAV
..\data\test_wave\F64D207.WAV
..\data\test_wave\F64D208.WAV
..\data\test_wave\F64D209.WAV
..\data\test_wave\F64D21.WAV
..\data\test_wave\F64D210.WAV
..\data\test_wave\F64D211.WAV
..\data\test_wave\F64D212.WAV
..\data\test_wave\F64D213.WAV
..\data\test_wave\F64D214.WAV
..\data\test_wave\F64D215.WAV
..\data\test_wave\F64D216.WAV
..\data\test_wave\F64D217.WAV
..\data\test_wave\F64D218.WAV
..\data\test_wave\F64D219.WAV
..\data\test_wave\F64D22.WAV
..\data\test_wave\F64D220.WAV
..\data\test_wave\F64D221.WAV
..\data\test_wave\F64D222.WAV
..\data\test_wave\F64D223.WAV
..\data\test_wave\F64D224.WAV
..\data\test_wave\F64D225.WAV
..\data\test_wave\F64D226.WAV
..\data\test_wave\F64D227.WAV
..\data\test_wave\F64D228.WAV
..\data\test_wave\F64D229.WAV
..\data\test_wave\F64D23.WAV
..\data\test_wave\F64D230.WAV
..\data\test_wave\F64D231.WAV
..\data\test_wave\F64D232.WAV
..\data\test_wave\F64D233.WAV
..\data\test_wave\F64D234.WAV
..\data\test_wave\F64D235.WAV
..\data\test_wave\F64D236.WAV
..\data\test_wave\F64D237.WAV
..\data\test_wave\F64D238.WAV
..\data\test_wave\F64D239.WAV
..\data\test_wave\F64D24.WAV
..\data\test_wave\F64D240.WAV
..\data\test_wave\F64D241.WAV
..\data\test_wave\F64D242.WAV
..\data\test_wave\F64D243.WAV
..\data\test_wave\F64D244.WAV
..\data\test_wave\F64D245.WAV
..\data\test_wave\F64D246.WAV
..\data\test_wave\F64D247.WAV
..\data\test_wave\F64D248.WAV
..\data\test_wave\F64D249.WAV
..\data\test_wave\F64D25.WAV
..\data\test_wave\F64D250.WAV
..\data\test_wave\F64D251.WAV
..\data\test_wave\F64D252.WAV
..\data\test_wave\F64D253.WAV
..\data\test_wave\F64D254.WAV
..\data\test_wave\F64D255.WAV
..\data\test_wave\F64D256.WAV
..\data\test_wave\F64D257.WAV
..\data\test_wave\F64D258.WAV
..\data\test_wave\F64D259.WAV
..\data\test_wave\F64D26.WAV
..\data\test_wave\F64D260.WAV
..\data\test_wave\F64D261.WAV
..\data\test_wave\F64D262.WAV
..\data\test_wave\F64D263.WAV
..\data\test_wave\F64D264.WAV
..\data\test_wave\F64D265.WAV
..\data\test_wave\F64D266.WAV
..\data\test_wave\F64D267.WAV
..\data\test_wave\F64D268.WAV
..\data\test_wave\F64D269.WAV
..\data\test_wave\F64D27.WAV
..\data\test_wave\F64D270.WAV
..\data\test_wave\F64D271.WAV
..\data\test_wave\F64D272.WAV
..\data\test_wave\F64D273.WAV
..\data\test_wave\F64D274.WAV
..\data\test_wave\F64D275.WAV
..\data\test_wave\F64D276.WAV
..\data\test_wave\F64D277.WAV
..\data\test_wave\F64D278.WAV
..\data\test_wave\F64D279.WAV
..\data\test_wave\F64D28.WAV
..\data\test_wave\F64D280.WAV
..\data\test_wave\F64D281.WAV
..\data\test_wave\F64D282.WAV
..\data\test_wave\F64D283.WAV
..\data\test_wave\F64D284.WAV
..\data\test_wave\F64D285.WAV
..\data\test_wave\F64D286.WAV
..\data\test_wave\F64D287.WAV
..\data\test_wave\F64D288.WAV
..\data\test_wave\F64D289.WAV
..\data\test_wave\F64D29.WAV
..\data\test_wave\F64D290.WAV
..\data\test_wave\F64D291.WAV
..\data\test_wave\F64D292.WAV
..\data\test_wave\F64D293.WAV
..\data\test_wave\F64D294.WAV
..\data\test_wave\F64D295.WAV
..\data\test_wave\F64D296.WAV
..\data\test_wave\F64D297.WAV
..\data\test_wave\F64D298.WAV
..\data\test_wave\F64D299.WAV
..\data\test_wave\F64D3.WAV
..\data\test_wave\F64D30.WAV
..\data\test_wave\F64D300.WAV
..\data\test_wave\F64D301.WAV
..\data\test_wave\F64D302.WAV
..\data\test_wave\F64D303.WAV
..\data\test_wave\F64D304.WAV
..\data\test_wave\F64D305.WAV
..\data\test_wave\F64D306.WAV
..\data\test_wave\F64D307.WAV
..\data\test_wave\F64D308.WAV
..\data\test_wave\F64D309.WAV
..\data\test_wave\F64D31.WAV
..\data\test_wave\F64D310.WAV
..\data\test_wave\F64D311.WAV
..\data\test_wave\F64D312.WAV
..\data\test_wave\F64D313.WAV
..\data\test_wave\F64D314.WAV
..\data\test_wave\F64D315.WAV
..\data\test_wave\F64D316.WAV
..\data\test_wave\F64D317.WAV
..\data\test_wave\F64D318.WAV
..\data\test_wave\F64D319.WAV
..\data\test_wave\F64D32.WAV
..\data\test_wave\F64D320.WAV
..\data\test_wave\F64D321.WAV
..\data\test_wave\F64D322.WAV
..\data\test_wave\F64D323.WAV
..\data\test_wave\F64D324.WAV
..\data\test_wave\F64D325.WAV
..\data\test_wave\F64D326.WAV
..\data\test_wave\F64D327.WAV
..\data\test_wave\F64D328.WAV
..\data\test_wave\F64D329.WAV
..\data\test_wave\F64D33.WAV
..\data\test_wave\F64D330.WAV
..\data\test_wave\F64D331.WAV
..\data\test_wave\F64D332.WAV
..\data\test_wave\F64D333.WAV
..\data\test_wave\F64D334.WAV
..\data\test_wave\F64D335.WAV
..\data\test_wave\F64D336.WAV
..\data\test_wave\F64D337.WAV
..\data\test_wave\F64D338.WAV
..\data\test_wave\F64D339.WAV
..\data\test_wave\F64D34.WAV
..\data\test_wave\F64D340.WAV
..\data\test_wave\F64D341.WAV
..\data\test_wave\F64D342.WAV
..\data\test_wave\F64D343.WAV
..\data\test_wave\F64D344.WAV
..\data\test_wave\F64D345.WAV
..\data\test_wave\F64D346.WAV
..\data\test_wave\F64D347.WAV
..\data\test_wave\F64D348.WAV
..\data\test_wave\F64D349.WAV
..\data\test_wave\F64D35.WAV
..\data\test_wave\F64D350.WAV
..\data\test_wave\F64D351.WAV
..\data\test_wave\F64D352.WAV
..\data\test_wave\F64D353.WAV
..\data\test_wave\F64D354.WAV
..\data\test_wave\F64D355.WAV
..\data\test_wave\F64D356.WAV
..\data\test_wave\F64D357.WAV
..\data\test_wave\F64D358.WAV
..\data\test_wave\F64D359.WAV
..\data\test_wave\F64D36.WAV
..\data\test_wave\F64D360.WAV
..\data\test_wave\F64D361.WAV
..\data\test_wave\F64D362.WAV
..\data\test_wave\F64D363.WAV
..\data\test_wave\F64D364.WAV
..\data\test_wave\F64D365.WAV
..\data\test_wave\F64D366.WAV
..\data\test_wave\F64D367.WAV
..\data\test_wave\F64D368.WAV
..\data\test_wave\F64D369.WAV
..\data\test_wave\F64D37.WAV
..\data\test_wave\F64D370.WAV
..\data\test_wave\F64D371.WAV
..\data\test_wave\F64D372.WAV
..\data\test_wave\F64D373.WAV
..\data\test_wave\F64D374.WAV
..\data\test_wave\F64D375.WAV
..\data\test_wave\F64D376.WAV
..\data\test_wave\F64D377.WAV
..\data\test_wave\F64D378.WAV
..\data\test_wave\F64D379.WAV
..\data\test_wave\F64D38.WAV
..\data\test_wave\F64D380.WAV
..\data\test_wave\F64D381.WAV
..\data\test_wave\F64D382.WAV
..\data\test_wave\F64D383.WAV
..\data\test_wave\F64D384.WAV
..\data\test_wave\F64D385.WAV
..\data\test_wave\F64D386.WAV
..\data\test_wave\F64D387.WAV
..\data\test_wave\F64D388.WAV
..\data\test_wave\F64D389.WAV
..\data\test_wave\F64D39.WAV
..\data\test_wave\F64D390.WAV
..\data\test_wave\F64D391.WAV
..\data\test_wave\F64D392.WAV
..\data\test_wave\F64D393.WAV
..\data\test_wave\F64D394.WAV
..\data\test_wave\F64D395.WAV
..\data\test_wave\F64D396.WAV
..\data\test_wave\F64D397.WAV
..\data\test_wave\F64D398.WAV
..\data\test_wave\F64D399.WAV
..\data\test_wave\F64D4.WAV
..\data\test_wave\F64D40.WAV
..\data\test_wave\F64D400.WAV
..\data\test_wave\F64D401.WAV
..\data\test_wave\F64D402.WAV
..\data\test_wave\F64D403.WAV
..\data\test_wave\F64D404.WAV
..\data\test_wave\F64D405.WAV
..\data\test_wave\F64D406.WAV
..\data\test_wave\F64D407.WAV
..\data\test_wave\F64D408.WAV
..\data\test_wave\F64D409.WAV
..\data\test_wave\F64D41.WAV
..\data\test_wave\F64D410.WAV
..\data\test_wave\F64D411.WAV
..\data\test_wave\F64D412.WAV
..\data\test_wave\F64D413.WAV
..\data\test_wave\F64D414.WAV
..\data\test_wave\F64D415.WAV
..\data\test_wave\F64D416.WAV
..\data\test_wave\F64D417.WAV
..\data\test_wave\F64D418.WAV
..\data\test_wave\F64D419.WAV
..\data\test_wave\F64D42.WAV
..\data\test_wave\F64D420.WAV
..\data\test_wave\F64D421.WAV
..\data\test_wave\F64D422.WAV
..\data\test_wave\F64D423.WAV
..\data\test_wave\F64D424.WAV
..\data\test_wave\F64D425.WAV
..\data\test_wave\F64D426.WAV
..\data\test_wave\F64D427.WAV
..\data\test_wave\F64D428.WAV
..\data\test_wave\F64D429.WAV
..\data\test_wave\F64D43.WAV
..\data\test_wave\F64D430.WAV
..\data\test_wave\F64D431.WAV
..\data\test_wave\F64D432.WAV
..\data\test_wave\F64D433.WAV
..\data\test_wave\F64D434.WAV
..\data\test_wave\F64D435.WAV
..\data\test_wave\F64D436.WAV
..\data\test_wave\F64D437.WAV
..\data\test_wave\F64D438.WAV
..\data\test_wave\F64D439.WAV
..\data\test_wave\F64D44.WAV
..\data\test_wave\F64D440.WAV
..\data\test_wave\F64D441.WAV
..\data\test_wave\F64D442.WAV
..\data\test_wave\F64D443.WAV
..\data\test_wave\F64D444.WAV
..\data\test_wave\F64D445.WAV
..\data\test_wave\F64D446.WAV
..\data\test_wave\F64D447.WAV
..\data\test_wave\F64D448.WAV
..\data\test_wave\F64D449.WAV
..\data\test_wave\F64D45.WAV
..\data\test_wave\F64D450.WAV
..\data\test_wave\F64D451.WAV
..\data\test_wave\F64D452.WAV
..\data\test_wave\F64D453.WAV
..\data\test_wave\F64D454.WAV
..\data\test_wave\F64D455.WAV
..\data\test_wave\F64D456.WAV
..\data\test_wave\F64D457.WAV
..\data\test_wave\F64D458.WAV
..\data\test_wave\F64D459.WAV
..\data\test_wave\F64D46.WAV
..\data\test_wave\F64D460.WAV
..\data\test_wave\F64D461.WAV
..\data\test_wave\F64D462.WAV
..\data\test_wave\F64D463.WAV
..\data\test_wave\F64D464.WAV
..\data\test_wave\F64D465.WAV
..\data\test_wave\F64D466.WAV
..\data\test_wave\F64D467.WAV
..\data\test_wave\F64D468.WAV
..\data\test_wave\F64D469.WAV
..\data\test_wave\F64D47.WAV
..\data\test_wave\F64D470.WAV
..\data\test_wave\F64D471.WAV
..\data\test_wave\F64D472.WAV
..\data\test_wave\F64D473.WAV
..\data\test_wave\F64D474.WAV
..\data\test_wave\F64D475.WAV
..\data\test_wave\F64D476.WAV
..\data\test_wave\F64D477.WAV
..\data\test_wave\F64D478.WAV
..\data\test_wave\F64D479.WAV
..\data\test_wave\F64D48.WAV
..\data\test_wave\F64D480.WAV
..\data\test_wave\F64D481.WAV
..\data\test_wave\F64D482.WAV
..\data\test_wave\F64D483.WAV
..\data\test_wave\F64D484.WAV
..\data\test_wave\F64D485.WAV
..\data\test_wave\F64D486.WAV
..\data\test_wave\F64D487.WAV
..\data\test_wave\F64D488.WAV
..\data\test_wave\F64D489.WAV
..\data\test_wave\F64D49.WAV
..\data\test_wave\F64D490.WAV
..\data\test_wave\F64D491.WAV
..\data\test_wave\F64D492.WAV
..\data\test_wave\F64D493.WAV
..\data\test_wave\F64D494.WAV
..\data\test_wave\F64D495.WAV
..\data\test_wave\F64D496.WAV
..\data\test_wave\F64D497.WAV
..\data\test_wave\F64D498.WAV
..\data\test_wave\F64D499.WAV
..\data\test_wave\F64D5.WAV
..\data\test_wave\F64D50.WAV
..\data\test_wave\F64D500.WAV
..\data\test_wave\F64D501.WAV
..\data\test_wave\F64D502.WAV
..\data\test_wave\F64D503.WAV
..\data\test_wave\F64D504.WAV
..\data\test_wave\F64D505.WAV
..\data\test_wave\F64D506.WAV
..\data\test_wave\F64D507.WAV
..\data\test_wave\F64D508.WAV
..\data\test_wave\F64D509.WAV
..\data\test_wave\F64D51.WAV
..\data\test_wave\F64D510.WAV
..\data\test_wave\F64D511.WAV
..\data\test_wave\F64D512.WAV
..\data\test_wave\F64D513.WAV
..\data\test_wave\F64D514.WAV
..\data\test_wave\F64D515.WAV
..\data\test_wave\F64D516.WAV
..\data\test_wave\F64D517.WAV
..\data\test_wave\F64D518.WAV
..\data\test_wave\F64D519.WAV
..\data\test_wave\F64D52.WAV
..\data\test_wave\F64D520.WAV
..\data\test_wave\F64D521.WAV
..\data\test_wave\F64D522.WAV
..\data\test_wave\F64D523.WAV
..\data\test_wave\F64D524.WAV
..\data\test_wave\F64D525.WAV
..\data\test_wave\F64D526.WAV
..\data\test_wave\F64D527.WAV
..\data\test_wave\F64D528.WAV
..\data\test_wave\F64D529.WAV
..\data\test_wave\F64D53.WAV
..\data\test_wave\F64D530.WAV
..\data\test_wave\F64D531.WAV
..\data\test_wave\F64D532.WAV
..\data\test_wave\F64D533.WAV
..\data\test_wave\F64D534.WAV
..\data\test_wave\F64D535.WAV
..\data\test_wave\F64D536.WAV
..\data\test_wave\F64D537.WAV
..\data\test_wave\F64D538.WAV
..\data\test_wave\F64D539.WAV
..\data\test_wave\F64D54.WAV
..\data\test_wave\F64D540.WAV
..\data\test_wave\F64D541.WAV
..\data\test_wave\F64D542.WAV
..\data\test_wave\F64D543.WAV
..\data\test_wave\F64D544.WAV
..\data\test_wave\F64D545.WAV
..\data\test_wave\F64D546.WAV
..\data\test_wave\F64D547.WAV
..\data\test_wave\F64D548.WAV
..\data\test_wave\F64D549.WAV
..\data\test_wave\F64D55.WAV
..\data\test_wave\F64D550.WAV
..\data\test_wave\F64D551.WAV
..\data\test_wave\F64D552.WAV
..\data\test_wave\F64D553.WAV
..\data\test_wave\F64D554.WAV
..\data\test_wave\F64D555.WAV
..\data\test_wave\F64D556.WAV
..\data\test_wave\F64D557.WAV
..\data\test_wave\F64D558.WAV
..\data\test_wave\F64D559.WAV
..\data\test_wave\F64D56.WAV
..\data\test_wave\F64D560.WAV
..\data\test_wave\F64D561.WAV
..\data\test_wave\F64D562.WAV
..\data\test_wave\F64D563.WAV
..\data\test_wave\F64D564.WAV
..\data\test_wave\F64D565.WAV
..\data\test_wave\F64D566.WAV
..\data\test_wave\F64D567.WAV
..\data\test_wave\F64D568.WAV
..\data\test_wave\F64D569.WAV
..\data\test_wave\F64D57.WAV
..\data\test_wave\F64D570.WAV
..\data\test_wave\F64D571.WAV
..\data\test_wave\F64D572.WAV
..\data\test_wave\F64D573.WAV
..\data\test_wave\F64D574.WAV
..\data\test_wave\F64D575.WAV
..\data\test_wave\F64D576.WAV
..\data\test_wave\F64D577.WAV
..\data\test_wave\F64D578.WAV
..\data\test_wave\F64D579.WAV
..\data\test_wave\F64D58.WAV
..\data\test_wave\F64D580.WAV
..\data\test_wave\F64D581.WAV
..\data\test_wave\F64D582.WAV
..\data\test_wave\F64D583.WAV
..\data\test_wave\F64D584.WAV
..\data\test_wave\F64D585.WAV
..\data\test_wave\F64D586.WAV
..\data\test_wave\F64D587.WAV
..\data\test_wave\F64D588.WAV
..\data\test_wave\F64D589.WAV
..\data\test_wave\F64D59.WAV
..\data\test_wave\F64D590.WAV
..\data\test_wave\F64D591.WAV
..\data\test_wave\F64D592.WAV
..\data\test_wave\F64D593.WAV
..\data\test_wave\F64D594.WAV
..\data\test_wave\F64D595.WAV
..\data\test_wave\F64D596.WAV
..\data\test_wave\F64D597.WAV
..\data\test_wave\F64D598.WAV
..\data\test_wave\F64D599.WAV
..\data\test_wave\F64D6.WAV
..\data\test_wave\F64D60.WAV
..\data\test_wave\F64D600.WAV
..\data\test_wave\F64D601.WAV
..\data\test_wave\F64D602.WAV
..\data\test_wave\F64D603.WAV
..\data\test_wave\F64D604.WAV
..\data\test_wave\F64D605.WAV
..\data\test_wave\F64D606.WAV
..\data\test_wave\F64D607.WAV
..\data\test_wave\F64D608.WAV
..\data\test_wave\F64D609.WAV
..\data\test_wave\F64D61.WAV
..\data\test_wave\F64D610.WAV
..\data\test_wave\F64D611.WAV
..\data\test_wave\F64D612.WAV
..\data\test_wave\F64D613.WAV
..\data\test_wave\F64D614.WAV
..\data\test_wave\F64D615.WAV
..\data\test_wave\F64D616.WAV
..\data\test_wave\F64D617.WAV
..\data\test_wave\F64D618.WAV
..\data\test_wave\F64D619.WAV
..\data\test_wave\F64D62.WAV
..\data\test_wave\F64D620.WAV
..\data\test_wave\F64D621.WAV
..\data\test_wave\F64D622.WAV
..\data\test_wave\F64D623.WAV
..\data\test_wave\F64D624.WAV
..\data\test_wave\F64D625.WAV
..\data\test_wave\F64D63.WAV
..\data\test_wave\F64D64.WAV
..\data\test_wave\F64D65.WAV
..\data\test_wave\F64D66.WAV
..\data\test_wave\F64D67.WAV
..\data\test_wave\F64D68.WAV
..\data\test_wave\F64D69.WAV
..\data\test_wave\F64D7.WAV
..\data\test_wave\F64D70.WAV
..\data\test_wave\F64D71.WAV
..\data\test_wave\F64D72.WAV
..\data\test_wave\F64D73.WAV
..\data\test_wave\F64D74.WAV
..\data\test_wave\F64D75.WAV
..\data\test_wave\F64D76.WAV
..\data\test_wave\F64D77.WAV
..\data\test_wave\F64D78.WAV
..\data\test_wave\F64D79.WAV
..\data\test_wave\F64D8.WAV
..\data\test_wave\F64D80.WAV
..\data\test_wave\F64D81.WAV
..\data\test_wave\F64D82.WAV
..\data\test_wave\F64D83.WAV
..\data\test_wave\F64D84.WAV
..\data\test_wave\F64D85.WAV
..\data\test_wave\F64D86.WAV
..\data\test_wave\F64D87.WAV
..\data\test_wave\F64D88.WAV
..\data\test_wave\F64D89.WAV
..\data\test_wave\F64D9.WAV
..\data\test_wave\F64D90.WAV
..\data\test_wave\F64D91.WAV
..\data\test_wave\F64D92.WAV
..\data\test_wave\F64D93.WAV
..\data\test_wave\F64D94.WAV
..\data\test_wave\F64D95.WAV
..\data\test_wave\F64D96.WAV
..\data\test_wave\F64D97.WAV
..\data\test_wave\F64D98.WAV
..\data\test_wave\F64D99.WAV
..\data\test_wave\F68D1.WAV
..\data\test_wave\F68D10.WAV
..\data\test_wave\F68D100.WAV
..\data\test_wave\F68D101.WAV
..\data\test_wave\F68D102.WAV
..\data\test_wave\F68D103.WAV
..\data\test_wave\F68D104.WAV
..\data\test_wave\F68D105.WAV
..\data\test_wave\F68D106.WAV
..\data\test_wave\F68D107.WAV
..\data\test_wave\F68D108.WAV
..\data\test_wave\F68D109.WAV
..\data\test_wave\F68D11.WAV
..\data\test_wave\F68D110.WAV
..\data\test_wave\F68D111.WAV
..\data\test_wave\F68D112.WAV
..\data\test_wave\F68D113.WAV
..\data\test_wave\F68D114.WAV
..\data\test_wave\F68D115.WAV
..\data\test_wave\F68D116.WAV
..\data\test_wave\F68D117.WAV
..\data\test_wave\F68D118.WAV
..\data\test_wave\F68D119.WAV
..\data\test_wave\F68D12.WAV
..\data\test_wave\F68D120.WAV
..\data\test_wave\F68D121.WAV
..\data\test_wave\F68D122.WAV
..\data\test_wave\F68D123.WAV
..\data\test_wave\F68D124.WAV
..\data\test_wave\F68D125.WAV
..\data\test_wave\F68D126.WAV
..\data\test_wave\F68D127.WAV
..\data\test_wave\F68D128.WAV
..\data\test_wave\F68D129.WAV
..\data\test_wave\F68D13.WAV
..\data\test_wave\F68D130.WAV
..\data\test_wave\F68D131.WAV
..\data\test_wave\F68D132.WAV
..\data\test_wave\F68D133.WAV
..\data\test_wave\F68D134.WAV
..\data\test_wave\F68D135.WAV
..\data\test_wave\F68D136.WAV
..\data\test_wave\F68D137.WAV
..\data\test_wave\F68D138.WAV
..\data\test_wave\F68D139.WAV
..\data\test_wave\F68D14.WAV
..\data\test_wave\F68D140.WAV
..\data\test_wave\F68D141.WAV
..\data\test_wave\F68D142.WAV
..\data\test_wave\F68D143.WAV
..\data\test_wave\F68D144.WAV
..\data\test_wave\F68D145.WAV
..\data\test_wave\F68D146.WAV
..\data\test_wave\F68D147.WAV
..\data\test_wave\F68D148.WAV
..\data\test_wave\F68D149.WAV
..\data\test_wave\F68D15.WAV
..\data\test_wave\F68D150.WAV
..\data\test_wave\F68D151.WAV
..\data\test_wave\F68D152.WAV
..\data\test_wave\F68D153.WAV
..\data\test_wave\F68D154.WAV
..\data\test_wave\F68D155.WAV
..\data\test_wave\F68D156.WAV
..\data\test_wave\F68D157.WAV
..\data\test_wave\F68D158.WAV
..\data\test_wave\F68D159.WAV
..\data\test_wave\F68D16.WAV
..\data\test_wave\F68D160.WAV
..\data\test_wave\F68D161.WAV
..\data\test_wave\F68D162.WAV
..\data\test_wave\F68D163.WAV
..\data\test_wave\F68D164.WAV
..\data\test_wave\F68D165.WAV
..\data\test_wave\F68D166.WAV
..\data\test_wave\F68D167.WAV
..\data\test_wave\F68D168.WAV
..\data\test_wave\F68D169.WAV
..\data\test_wave\F68D17.WAV
..\data\test_wave\F68D170.WAV
..\data\test_wave\F68D171.WAV
..\data\test_wave\F68D172.WAV
..\data\test_wave\F68D173.WAV
..\data\test_wave\F68D174.WAV
..\data\test_wave\F68D175.WAV
..\data\test_wave\F68D176.WAV
..\data\test_wave\F68D177.WAV
..\data\test_wave\F68D178.WAV
..\data\test_wave\F68D179.WAV
..\data\test_wave\F68D18.WAV
..\data\test_wave\F68D180.WAV
..\data\test_wave\F68D181.WAV
..\data\test_wave\F68D182.WAV
..\data\test_wave\F68D183.WAV
..\data\test_wave\F68D184.WAV
..\data\test_wave\F68D185.WAV
..\data\test_wave\F68D186.WAV
..\data\test_wave\F68D187.WAV
..\data\test_wave\F68D188.WAV
..\data\test_wave\F68D189.WAV
..\data\test_wave\F68D19.WAV
..\data\test_wave\F68D190.WAV
..\data\test_wave\F68D191.WAV
..\data\test_wave\F68D192.WAV
..\data\test_wave\F68D193.WAV
..\data\test_wave\F68D194.WAV
..\data\test_wave\F68D195.WAV
..\data\test_wave\F68D196.WAV
..\data\test_wave\F68D197.WAV
..\data\test_wave\F68D198.WAV
..\data\test_wave\F68D199.WAV
..\data\test_wave\F68D2.WAV
..\data\test_wave\F68D20.WAV
..\data\test_wave\F68D200.WAV
..\data\test_wave\F68D201.WAV
..\data\test_wave\F68D202.WAV
..\data\test_wave\F68D203.WAV
..\data\test_wave\F68D204.WAV
..\data\test_wave\F68D205.WAV
..\data\test_wave\F68D206.WAV
..\data\test_wave\F68D207.WAV
..\data\test_wave\F68D208.WAV
..\data\test_wave\F68D209.WAV
..\data\test_wave\F68D21.WAV
..\data\test_wave\F68D210.WAV
..\data\test_wave\F68D211.WAV
..\data\test_wave\F68D212.WAV
..\data\test_wave\F68D213.WAV
..\data\test_wave\F68D214.WAV
..\data\test_wave\F68D215.WAV
..\data\test_wave\F68D216.WAV
..\data\test_wave\F68D217.WAV
..\data\test_wave\F68D218.WAV
..\data\test_wave\F68D219.WAV
..\data\test_wave\F68D22.WAV
..\data\test_wave\F68D220.WAV
..\data\test_wave\F68D221.WAV
..\data\test_wave\F68D222.WAV
..\data\test_wave\F68D223.WAV
..\data\test_wave\F68D224.WAV
..\data\test_wave\F68D225.WAV
..\data\test_wave\F68D226.WAV
..\data\test_wave\F68D227.WAV
..\data\test_wave\F68D228.WAV
..\data\test_wave\F68D229.WAV
..\data\test_wave\F68D23.WAV
..\data\test_wave\F68D230.WAV
..\data\test_wave\F68D231.WAV
..\data\test_wave\F68D232.WAV
..\data\test_wave\F68D233.WAV
..\data\test_wave\F68D234.WAV
..\data\test_wave\F68D235.WAV
..\data\test_wave\F68D236.WAV
..\data\test_wave\F68D237.WAV
..\data\test_wave\F68D238.WAV
..\data\test_wave\F68D239.WAV
..\data\test_wave\F68D24.WAV
..\data\test_wave\F68D240.WAV
..\data\test_wave\F68D241.WAV
..\data\test_wave\F68D242.WAV
..\data\test_wave\F68D243.WAV
..\data\test_wave\F68D244.WAV
..\data\test_wave\F68D245.WAV
..\data\test_wave\F68D246.WAV
..\data\test_wave\F68D247.WAV
..\data\test_wave\F68D248.WAV
..\data\test_wave\F68D249.WAV
..\data\test_wave\F68D25.WAV
..\data\test_wave\F68D250.WAV
..\data\test_wave\F68D251.WAV
..\data\test_wave\F68D252.WAV
..\data\test_wave\F68D253.WAV
..\data\test_wave\F68D254.WAV
..\data\test_wave\F68D255.WAV
..\data\test_wave\F68D256.WAV
..\data\test_wave\F68D257.WAV
..\data\test_wave\F68D258.WAV
..\data\test_wave\F68D259.WAV
..\data\test_wave\F68D26.WAV
..\data\test_wave\F68D260.WAV
..\data\test_wave\F68D261.WAV
..\data\test_wave\F68D262.WAV
..\data\test_wave\F68D263.WAV
..\data\test_wave\F68D264.WAV
..\data\test_wave\F68D265.WAV
..\data\test_wave\F68D266.WAV
..\data\test_wave\F68D267.WAV
..\data\test_wave\F68D268.WAV
..\data\test_wave\F68D269.WAV
..\data\test_wave\F68D27.WAV
..\data\test_wave\F68D270.WAV
..\data\test_wave\F68D271.WAV
..\data\test_wave\F68D272.WAV
..\data\test_wave\F68D273.WAV
..\data\test_wave\F68D274.WAV
..\data\test_wave\F68D275.WAV
..\data\test_wave\F68D276.WAV
..\data\test_wave\F68D277.WAV
..\data\test_wave\F68D278.WAV
..\data\test_wave\F68D279.WAV
..\data\test_wave\F68D28.WAV
..\data\test_wave\F68D280.WAV
..\data\test_wave\F68D281.WAV
..\data\test_wave\F68D282.WAV
..\data\test_wave\F68D283.WAV
..\data\test_wave\F68D284.WAV
..\data\test_wave\F68D285.WAV
..\data\test_wave\F68D286.WAV
..\data\test_wave\F68D287.WAV
..\data\test_wave\F68D288.WAV
..\data\test_wave\F68D289.WAV
..\data\test_wave\F68D29.WAV
..\data\test_wave\F68D290.WAV
..\data\test_wave\F68D291.WAV
..\data\test_wave\F68D292.WAV
..\data\test_wave\F68D293.WAV
..\data\test_wave\F68D294.WAV
..\data\test_wave\F68D295.WAV
..\data\test_wave\F68D296.WAV
..\data\test_wave\F68D297.WAV
..\data\test_wave\F68D298.WAV
..\data\test_wave\F68D299.WAV
..\data\test_wave\F68D3.WAV
..\data\test_wave\F68D30.WAV
..\data\test_wave\F68D300.WAV
..\data\test_wave\F68D301.WAV
..\data\test_wave\F68D302.WAV
..\data\test_wave\F68D303.WAV
..\data\test_wave\F68D304.WAV
..\data\test_wave\F68D305.WAV
..\data\test_wave\F68D306.WAV
..\data\test_wave\F68D307.WAV
..\data\test_wave\F68D308.WAV
..\data\test_wave\F68D309.WAV
..\data\test_wave\F68D31.WAV
..\data\test_wave\F68D310.WAV
..\data\test_wave\F68D311.WAV
..\data\test_wave\F68D312.WAV
..\data\test_wave\F68D313.WAV
..\data\test_wave\F68D314.WAV
..\data\test_wave\F68D315.WAV
..\data\test_wave\F68D316.WAV
..\data\test_wave\F68D317.WAV
..\data\test_wave\F68D318.WAV
..\data\test_wave\F68D319.WAV
..\data\test_wave\F68D32.WAV
..\data\test_wave\F68D320.WAV
..\data\test_wave\F68D321.WAV
..\data\test_wave\F68D322.WAV
..\data\test_wave\F68D323.WAV
..\data\test_wave\F68D324.WAV
..\data\test_wave\F68D325.WAV
..\data\test_wave\F68D326.WAV
..\data\test_wave\F68D327.WAV
..\data\test_wave\F68D328.WAV
..\data\test_wave\F68D329.WAV
..\data\test_wave\F68D33.WAV
..\data\test_wave\F68D330.WAV
..\data\test_wave\F68D331.WAV
..\data\test_wave\F68D332.WAV
..\data\test_wave\F68D333.WAV
..\data\test_wave\F68D334.WAV
..\data\test_wave\F68D335.WAV
..\data\test_wave\F68D336.WAV
..\data\test_wave\F68D337.WAV
..\data\test_wave\F68D338.WAV
..\data\test_wave\F68D339.WAV
..\data\test_wave\F68D34.WAV
..\data\test_wave\F68D340.WAV
..\data\test_wave\F68D341.WAV
..\data\test_wave\F68D342.WAV
..\data\test_wave\F68D343.WAV
..\data\test_wave\F68D344.WAV
..\data\test_wave\F68D345.WAV
..\data\test_wave\F68D346.WAV
..\data\test_wave\F68D347.WAV
..\data\test_wave\F68D348.WAV
..\data\test_wave\F68D349.WAV
..\data\test_wave\F68D35.WAV
..\data\test_wave\F68D350.WAV
..\data\test_wave\F68D351.WAV
..\data\test_wave\F68D352.WAV
..\data\test_wave\F68D353.WAV
..\data\test_wave\F68D354.WAV
..\data\test_wave\F68D355.WAV
..\data\test_wave\F68D356.WAV
..\data\test_wave\F68D357.WAV
..\data\test_wave\F68D358.WAV
..\data\test_wave\F68D359.WAV
..\data\test_wave\F68D36.WAV
..\data\test_wave\F68D360.WAV
..\data\test_wave\F68D361.WAV
..\data\test_wave\F68D362.WAV
..\data\test_wave\F68D363.WAV
..\data\test_wave\F68D364.WAV
..\data\test_wave\F68D365.WAV
..\data\test_wave\F68D366.WAV
..\data\test_wave\F68D367.WAV
..\data\test_wave\F68D368.WAV
..\data\test_wave\F68D369.WAV
..\data\test_wave\F68D37.WAV
..\data\test_wave\F68D370.WAV
..\data\test_wave\F68D371.WAV
..\data\test_wave\F68D372.WAV
..\data\test_wave\F68D373.WAV
..\data\test_wave\F68D374.WAV
..\data\test_wave\F68D375.WAV
..\data\test_wave\F68D376.WAV
..\data\test_wave\F68D377.WAV
..\data\test_wave\F68D378.WAV
..\data\test_wave\F68D379.WAV
..\data\test_wave\F68D38.WAV
..\data\test_wave\F68D380.WAV
..\data\test_wave\F68D381.WAV
..\data\test_wave\F68D382.WAV
..\data\test_wave\F68D383.WAV
..\data\test_wave\F68D384.WAV
..\data\test_wave\F68D385.WAV
..\data\test_wave\F68D386.WAV
..\data\test_wave\F68D387.WAV
..\data\test_wave\F68D388.WAV
..\data\test_wave\F68D389.WAV
..\data\test_wave\F68D39.WAV
..\data\test_wave\F68D390.WAV
..\data\test_wave\F68D391.WAV
..\data\test_wave\F68D392.WAV
..\data\test_wave\F68D393.WAV
..\data\test_wave\F68D394.WAV
..\data\test_wave\F68D395.WAV
..\data\test_wave\F68D396.WAV
..\data\test_wave\F68D397.WAV
..\data\test_wave\F68D398.WAV
..\data\test_wave\F68D399.WAV
..\data\test_wave\F68D4.WAV
..\data\test_wave\F68D40.WAV
..\data\test_wave\F68D400.WAV
..\data\test_wave\F68D401.WAV
..\data\test_wave\F68D402.WAV
..\data\test_wave\F68D403.WAV
..\data\test_wave\F68D404.WAV
..\data\test_wave\F68D405.WAV
..\data\test_wave\F68D406.WAV
..\data\test_wave\F68D407.WAV
..\data\test_wave\F68D408.WAV
..\data\test_wave\F68D409.WAV
..\data\test_wave\F68D41.WAV
..\data\test_wave\F68D410.WAV
..\data\test_wave\F68D411.WAV
..\data\test_wave\F68D412.WAV
..\data\test_wave\F68D413.WAV
..\data\test_wave\F68D414.WAV
..\data\test_wave\F68D415.WAV
..\data\test_wave\F68D416.WAV
..\data\test_wave\F68D417.WAV
..\data\test_wave\F68D418.WAV
..\data\test_wave\F68D419.WAV
..\data\test_wave\F68D42.WAV
..\data\test_wave\F68D420.WAV
..\data\test_wave\F68D421.WAV
..\data\test_wave\F68D422.WAV
..\data\test_wave\F68D423.WAV
..\data\test_wave\F68D424.WAV
..\data\test_wave\F68D425.WAV
..\data\test_wave\F68D426.WAV
..\data\test_wave\F68D427.WAV
..\data\test_wave\F68D428.WAV
..\data\test_wave\F68D429.WAV
..\data\test_wave\F68D43.WAV
..\data\test_wave\F68D430.WAV
..\data\test_wave\F68D431.WAV
..\data\test_wave\F68D432.WAV
..\data\test_wave\F68D433.WAV
..\data\test_wave\F68D434.WAV
..\data\test_wave\F68D435.WAV
..\data\test_wave\F68D436.WAV
..\data\test_wave\F68D437.WAV
..\data\test_wave\F68D438.WAV
..\data\test_wave\F68D439.WAV
..\data\test_wave\F68D44.WAV
..\data\test_wave\F68D440.WAV
..\data\test_wave\F68D441.WAV
..\data\test_wave\F68D442.WAV
..\data\test_wave\F68D443.WAV
..\data\test_wave\F68D444.WAV
..\data\test_wave\F68D445.WAV
..\data\test_wave\F68D446.WAV
..\data\test_wave\F68D447.WAV
..\data\test_wave\F68D448.WAV
..\data\test_wave\F68D449.WAV
..\data\test_wave\F68D45.WAV
..\data\test_wave\F68D450.WAV
..\data\test_wave\F68D451.WAV
..\data\test_wave\F68D452.WAV
..\data\test_wave\F68D453.WAV
..\data\test_wave\F68D454.WAV
..\data\test_wave\F68D455.WAV
..\data\test_wave\F68D456.WAV
..\data\test_wave\F68D457.WAV
..\data\test_wave\F68D458.WAV
..\data\test_wave\F68D459.WAV
..\data\test_wave\F68D46.WAV
..\data\test_wave\F68D460.WAV
..\data\test_wave\F68D461.WAV
..\data\test_wave\F68D462.WAV
..\data\test_wave\F68D463.WAV
..\data\test_wave\F68D464.WAV
..\data\test_wave\F68D465.WAV
..\data\test_wave\F68D466.WAV
..\data\test_wave\F68D467.WAV
..\data\test_wave\F68D468.WAV
..\data\test_wave\F68D469.WAV
..\data\test_wave\F68D47.WAV
..\data\test_wave\F68D470.WAV
..\data\test_wave\F68D471.WAV
..\data\test_wave\F68D472.WAV
..\data\test_wave\F68D473.WAV
..\data\test_wave\F68D474.WAV
..\data\test_wave\F68D475.WAV
..\data\test_wave\F68D476.WAV
..\data\test_wave\F68D477.WAV
..\data\test_wave\F68D478.WAV
..\data\test_wave\F68D479.WAV
..\data\test_wave\F68D48.WAV
..\data\test_wave\F68D480.WAV
..\data\test_wave\F68D481.WAV
..\data\test_wave\F68D482.WAV
..\data\test_wave\F68D483.WAV
..\data\test_wave\F68D484.WAV
..\data\test_wave\F68D485.WAV
..\data\test_wave\F68D486.WAV
..\data\test_wave\F68D487.WAV
..\data\test_wave\F68D488.WAV
..\data\test_wave\F68D489.WAV
..\data\test_wave\F68D49.WAV
..\data\test_wave\F68D490.WAV
..\data\test_wave\F68D491.WAV
..\data\test_wave\F68D492.WAV
..\data\test_wave\F68D493.WAV
..\data\test_wave\F68D494.WAV
..\data\test_wave\F68D495.WAV
..\data\test_wave\F68D496.WAV
..\data\test_wave\F68D497.WAV
..\data\test_wave\F68D498.WAV
..\data\test_wave\F68D499.WAV
..\data\test_wave\F68D5.WAV
..\data\test_wave\F68D50.WAV
..\data\test_wave\F68D500.WAV
..\data\test_wave\F68D501.WAV
..\data\test_wave\F68D502.WAV
..\data\test_wave\F68D503.WAV
..\data\test_wave\F68D504.WAV
..\data\test_wave\F68D505.WAV
..\data\test_wave\F68D506.WAV
..\data\test_wave\F68D507.WAV
..\data\test_wave\F68D508.WAV
..\data\test_wave\F68D509.WAV
..\data\test_wave\F68D51.WAV
..\data\test_wave\F68D510.WAV
..\data\test_wave\F68D511.WAV
..\data\test_wave\F68D512.WAV
..\data\test_wave\F68D513.WAV
..\data\test_wave\F68D514.WAV
..\data\test_wave\F68D515.WAV
..\data\test_wave\F68D516.WAV
..\data\test_wave\F68D517.WAV
..\data\test_wave\F68D518.WAV
..\data\test_wave\F68D519.WAV
..\data\test_wave\F68D52.WAV
..\data\test_wave\F68D520.WAV
..\data\test_wave\F68D521.WAV
..\data\test_wave\F68D522.WAV
..\data\test_wave\F68D523.WAV
..\data\test_wave\F68D524.WAV
..\data\test_wave\F68D525.WAV
..\data\test_wave\F68D526.WAV
..\data\test_wave\F68D527.WAV
..\data\test_wave\F68D528.WAV
..\data\test_wave\F68D529.WAV
..\data\test_wave\F68D53.WAV
..\data\test_wave\F68D530.WAV
..\data\test_wave\F68D531.WAV
..\data\test_wave\F68D532.WAV
..\data\test_wave\F68D533.WAV
..\data\test_wave\F68D534.WAV
..\data\test_wave\F68D535.WAV
..\data\test_wave\F68D536.WAV
..\data\test_wave\F68D537.WAV
..\data\test_wave\F68D538.WAV
..\data\test_wave\F68D539.WAV
..\data\test_wave\F68D54.WAV
..\data\test_wave\F68D540.WAV
..\data\test_wave\F68D541.WAV
..\data\test_wave\F68D542.WAV
..\data\test_wave\F68D543.WAV
..\data\test_wave\F68D544.WAV
..\data\test_wave\F68D545.WAV
..\data\test_wave\F68D546.WAV
..\data\test_wave\F68D547.WAV
..\data\test_wave\F68D548.WAV
..\data\test_wave\F68D549.WAV
..\data\test_wave\F68D55.WAV
..\data\test_wave\F68D550.WAV
..\data\test_wave\F68D551.WAV
..\data\test_wave\F68D552.WAV
..\data\test_wave\F68D553.WAV
..\data\test_wave\F68D554.WAV
..\data\test_wave\F68D555.WAV
..\data\test_wave\F68D556.WAV
..\data\test_wave\F68D557.WAV
..\data\test_wave\F68D558.WAV
..\data\test_wave\F68D559.WAV
..\data\test_wave\F68D56.WAV
..\data\test_wave\F68D560.WAV
..\data\test_wave\F68D561.WAV
..\data\test_wave\F68D562.WAV
..\data\test_wave\F68D563.WAV
..\data\test_wave\F68D564.WAV
..\data\test_wave\F68D565.WAV
..\data\test_wave\F68D566.WAV
..\data\test_wave\F68D567.WAV
..\data\test_wave\F68D568.WAV
..\data\test_wave\F68D569.WAV
..\data\test_wave\F68D57.WAV
..\data\test_wave\F68D570.WAV
..\data\test_wave\F68D571.WAV
..\data\test_wave\F68D572.WAV
..\data\test_wave\F68D573.WAV
..\data\test_wave\F68D574.WAV
..\data\test_wave\F68D575.WAV
..\data\test_wave\F68D576.WAV
..\data\test_wave\F68D577.WAV
..\data\test_wave\F68D578.WAV
..\data\test_wave\F68D579.WAV
..\data\test_wave\F68D58.WAV
..\data\test_wave\F68D580.WAV
..\data\test_wave\F68D581.WAV
..\data\test_wave\F68D582.WAV
..\data\test_wave\F68D583.WAV
..\data\test_wave\F68D584.WAV
..\data\test_wave\F68D585.WAV
..\data\test_wave\F68D586.WAV
..\data\test_wave\F68D587.WAV
..\data\test_wave\F68D588.WAV
..\data\test_wave\F68D589.WAV
..\data\test_wave\F68D59.WAV
..\data\test_wave\F68D590.WAV
..\data\test_wave\F68D591.WAV
..\data\test_wave\F68D592.WAV
..\data\test_wave\F68D593.WAV
..\data\test_wave\F68D594.WAV
..\data\test_wave\F68D595.WAV
..\data\test_wave\F68D596.WAV
..\data\test_wave\F68D597.WAV
..\data\test_wave\F68D598.WAV
..\data\test_wave\F68D599.WAV
..\data\test_wave\F68D6.WAV
..\data\test_wave\F68D60.WAV
..\data\test_wave\F68D600.WAV
..\data\test_wave\F68D601.WAV
..\data\test_wave\F68D602.WAV
..\data\test_wave\F68D603.WAV
..\data\test_wave\F68D604.WAV
..\data\test_wave\F68D605.WAV
..\data\test_wave\F68D606.WAV
..\data\test_wave\F68D607.WAV
..\data\test_wave\F68D608.WAV
..\data\test_wave\F68D609.WAV
..\data\test_wave\F68D61.WAV
..\data\test_wave\F68D610.WAV
..\data\test_wave\F68D611.WAV
..\data\test_wave\F68D612.WAV
..\data\test_wave\F68D613.WAV
..\data\test_wave\F68D614.WAV
..\data\test_wave\F68D615.WAV
..\data\test_wave\F68D616.WAV
..\data\test_wave\F68D617.WAV
..\data\test_wave\F68D618.WAV
..\data\test_wave\F68D619.WAV
..\data\test_wave\F68D62.WAV
..\data\test_wave\F68D620.WAV
..\data\test_wave\F68D621.WAV
..\data\test_wave\F68D622.WAV
..\data\test_wave\F68D623.WAV
..\data\test_wave\F68D624.WAV
..\data\test_wave\F68D625.WAV
..\data\test_wave\F68D63.WAV
..\data\test_wave\F68D64.WAV
..\data\test_wave\F68D65.WAV
..\data\test_wave\F68D66.WAV
..\data\test_wave\F68D67.WAV
..\data\test_wave\F68D68.WAV
..\data\test_wave\F68D69.WAV
..\data\test_wave\F68D7.WAV
..\data\test_wave\F68D70.WAV
..\data\test_wave\F68D71.WAV
..\data\test_wave\F68D72.WAV
..\data\test_wave\F68D73.WAV
..\data\test_wave\F68D74.WAV
..\data\test_wave\F68D75.WAV
..\data\test_wave\F68D76.WAV
..\data\test_wave\F68D77.WAV
..\data\test_wave\F68D78.WAV
..\data\test_wave\F68D79.WAV
..\data\test_wave\F68D8.WAV
..\data\test_wave\F68D80.WAV
..\data\test_wave\F68D81.WAV
..\data\test_wave\F68D82.WAV
..\data\test_wave\F68D83.WAV
..\data\test_wave\F68D84.WAV
..\data\test_wave\F68D85.WAV
..\data\test_wave\F68D86.WAV
..\data\test_wave\F68D87.WAV
..\data\test_wave\F68D88.WAV
..\data\test_wave\F68D89.WAV
..\data\test_wave\F68D9.WAV
..\data\test_wave\F68D90.WAV
..\data\test_wave\F68D91.WAV
..\data\test_wave\F68D92.WAV
..\data\test_wave\F68D93.WAV
..\data\test_wave\F68D94.WAV
..\data\test_wave\F68D95.WAV
..\data\test_wave\F68D96.WAV
..\data\test_wave\F68D97.WAV
..\data\test_wave\F68D98.WAV
..\data\test_wave\F68D99.WAV
..\data\test_wave\F72D1.WAV
..\data\test_wave\F72D10.WAV
..\data\test_wave\F72D100.WAV
..\data\test_wave\F72D101.WAV
..\data\test_wave\F72D102.WAV
..\data\test_wave\F72D103.WAV
..\data\test_wave\F72D104.WAV
..\data\test_wave\F72D105.WAV
..\data\test_wave\F72D106.WAV
..\data\test_wave\F72D107.WAV
..\data\test_wave\F72D108.WAV
..\data\test_wave\F72D109.WAV
..\data\test_wave\F72D11.WAV
..\data\test_wave\F72D110.WAV
..\data\test_wave\F72D111.WAV
..\data\test_wave\F72D112.WAV
..\data\test_wave\F72D113.WAV
..\data\test_wave\F72D114.WAV
..\data\test_wave\F72D115.WAV
..\data\test_wave\F72D116.WAV
..\data\test_wave\F72D117.WAV
..\data\test_wave\F72D118.WAV
..\data\test_wave\F72D119.WAV
..\data\test_wave\F72D12.WAV
..\data\test_wave\F72D120.WAV
..\data\test_wave\F72D121.WAV
..\data\test_wave\F72D122.WAV
..\data\test_wave\F72D123.WAV
..\data\test_wave\F72D124.WAV
..\data\test_wave\F72D125.WAV
..\data\test_wave\F72D126.WAV
..\data\test_wave\F72D127.WAV
..\data\test_wave\F72D128.WAV
..\data\test_wave\F72D129.WAV
..\data\test_wave\F72D13.WAV
..\data\test_wave\F72D130.WAV
..\data\test_wave\F72D131.WAV
..\data\test_wave\F72D132.WAV
..\data\test_wave\F72D133.WAV
..\data\test_wave\F72D134.WAV
..\data\test_wave\F72D135.WAV
..\data\test_wave\F72D136.WAV
..\data\test_wave\F72D137.WAV
..\data\test_wave\F72D138.WAV
..\data\test_wave\F72D139.WAV
..\data\test_wave\F72D14.WAV
..\data\test_wave\F72D140.WAV
..\data\test_wave\F72D141.WAV
..\data\test_wave\F72D142.WAV
..\data\test_wave\F72D143.WAV
..\data\test_wave\F72D144.WAV
..\data\test_wave\F72D145.WAV
..\data\test_wave\F72D146.WAV
..\data\test_wave\F72D147.WAV
..\data\test_wave\F72D148.WAV
..\data\test_wave\F72D149.WAV
..\data\test_wave\F72D15.WAV
..\data\test_wave\F72D150.WAV
..\data\test_wave\F72D151.WAV
..\data\test_wave\F72D152.WAV
..\data\test_wave\F72D153.WAV
..\data\test_wave\F72D154.WAV
..\data\test_wave\F72D155.WAV
..\data\test_wave\F72D156.WAV
..\data\test_wave\F72D157.WAV
..\data\test_wave\F72D158.WAV
..\data\test_wave\F72D159.WAV
..\data\test_wave\F72D16.WAV
..\data\test_wave\F72D160.WAV
..\data\test_wave\F72D161.WAV
..\data\test_wave\F72D162.WAV
..\data\test_wave\F72D163.WAV
..\data\test_wave\F72D164.WAV
..\data\test_wave\F72D165.WAV
..\data\test_wave\F72D166.WAV
..\data\test_wave\F72D167.WAV
..\data\test_wave\F72D168.WAV
..\data\test_wave\F72D169.WAV
..\data\test_wave\F72D17.WAV
..\data\test_wave\F72D170.WAV
..\data\test_wave\F72D171.WAV
..\data\test_wave\F72D172.WAV
..\data\test_wave\F72D173.WAV
..\data\test_wave\F72D174.WAV
..\data\test_wave\F72D175.WAV
..\data\test_wave\F72D176.WAV
..\data\test_wave\F72D177.WAV
..\data\test_wave\F72D178.WAV
..\data\test_wave\F72D179.WAV
..\data\test_wave\F72D18.WAV
..\data\test_wave\F72D180.WAV
..\data\test_wave\F72D181.WAV
..\data\test_wave\F72D182.WAV
..\data\test_wave\F72D183.WAV
..\data\test_wave\F72D184.WAV
..\data\test_wave\F72D185.WAV
..\data\test_wave\F72D186.WAV
..\data\test_wave\F72D187.WAV
..\data\test_wave\F72D188.WAV
..\data\test_wave\F72D189.WAV
..\data\test_wave\F72D19.WAV
..\data\test_wave\F72D190.WAV
..\data\test_wave\F72D191.WAV
..\data\test_wave\F72D192.WAV
..\data\test_wave\F72D193.WAV
..\data\test_wave\F72D194.WAV
..\data\test_wave\F72D195.WAV
..\data\test_wave\F72D196.WAV
..\data\test_wave\F72D197.WAV
..\data\test_wave\F72D198.WAV
..\data\test_wave\F72D199.WAV
..\data\test_wave\F72D2.WAV
..\data\test_wave\F72D20.WAV
..\data\test_wave\F72D200.WAV
..\data\test_wave\F72D201.WAV
..\data\test_wave\F72D202.WAV
..\data\test_wave\F72D203.WAV
..\data\test_wave\F72D204.WAV
..\data\test_wave\F72D205.WAV
..\data\test_wave\F72D206.WAV
..\data\test_wave\F72D207.WAV
..\data\test_wave\F72D208.WAV
..\data\test_wave\F72D209.WAV
..\data\test_wave\F72D21.WAV
..\data\test_wave\F72D210.WAV
..\data\test_wave\F72D211.WAV
..\data\test_wave\F72D212.WAV
..\data\test_wave\F72D213.WAV
..\data\test_wave\F72D214.WAV
..\data\test_wave\F72D215.WAV
..\data\test_wave\F72D216.WAV
..\data\test_wave\F72D217.WAV
..\data\test_wave\F72D218.WAV
..\data\test_wave\F72D219.WAV
..\data\test_wave\F72D22.WAV
..\data\test_wave\F72D220.WAV
..\data\test_wave\F72D221.WAV
..\data\test_wave\F72D222.WAV
..\data\test_wave\F72D223.WAV
..\data\test_wave\F72D224.WAV
..\data\test_wave\F72D225.WAV
..\data\test_wave\F72D226.WAV
..\data\test_wave\F72D227.WAV
..\data\test_wave\F72D228.WAV
..\data\test_wave\F72D229.WAV
..\data\test_wave\F72D23.WAV
..\data\test_wave\F72D230.WAV
..\data\test_wave\F72D231.WAV
..\data\test_wave\F72D232.WAV
..\data\test_wave\F72D233.WAV
..\data\test_wave\F72D234.WAV
..\data\test_wave\F72D235.WAV
..\data\test_wave\F72D236.WAV
..\data\test_wave\F72D237.WAV
..\data\test_wave\F72D238.WAV
..\data\test_wave\F72D239.WAV
..\data\test_wave\F72D24.WAV
..\data\test_wave\F72D240.WAV
..\data\test_wave\F72D241.WAV
..\data\test_wave\F72D242.WAV
..\data\test_wave\F72D243.WAV
..\data\test_wave\F72D244.WAV
..\data\test_wave\F72D245.WAV
..\data\test_wave\F72D246.WAV
..\data\test_wave\F72D247.WAV
..\data\test_wave\F72D248.WAV
..\data\test_wave\F72D249.WAV
..\data\test_wave\F72D25.WAV
..\data\test_wave\F72D250.WAV
..\data\test_wave\F72D251.WAV
..\data\test_wave\F72D252.WAV
..\data\test_wave\F72D253.WAV
..\data\test_wave\F72D254.WAV
..\data\test_wave\F72D255.WAV
..\data\test_wave\F72D256.WAV
..\data\test_wave\F72D257.WAV
..\data\test_wave\F72D258.WAV
..\data\test_wave\F72D259.WAV
..\data\test_wave\F72D26.WAV
..\data\test_wave\F72D260.WAV
..\data\test_wave\F72D261.WAV
..\data\test_wave\F72D262.WAV
..\data\test_wave\F72D263.WAV
..\data\test_wave\F72D264.WAV
..\data\test_wave\F72D265.WAV
..\data\test_wave\F72D266.WAV
..\data\test_wave\F72D267.WAV
..\data\test_wave\F72D268.WAV
..\data\test_wave\F72D269.WAV
..\data\test_wave\F72D27.WAV
..\data\test_wave\F72D270.WAV
..\data\test_wave\F72D271.WAV
..\data\test_wave\F72D272.WAV
..\data\test_wave\F72D273.WAV
..\data\test_wave\F72D274.WAV
..\data\test_wave\F72D275.WAV
..\data\test_wave\F72D276.WAV
..\data\test_wave\F72D277.WAV
..\data\test_wave\F72D278.WAV
..\data\test_wave\F72D279.WAV
..\data\test_wave\F72D28.WAV
..\data\test_wave\F72D280.WAV
..\data\test_wave\F72D281.WAV
..\data\test_wave\F72D282.WAV
..\data\test_wave\F72D283.WAV
..\data\test_wave\F72D284.WAV
..\data\test_wave\F72D285.WAV
..\data\test_wave\F72D286.WAV
..\data\test_wave\F72D287.WAV
..\data\test_wave\F72D288.WAV
..\data\test_wave\F72D289.WAV
..\data\test_wave\F72D29.WAV
..\data\test_wave\F72D290.WAV
..\data\test_wave\F72D291.WAV
..\data\test_wave\F72D292.WAV
..\data\test_wave\F72D293.WAV
..\data\test_wave\F72D294.WAV
..\data\test_wave\F72D295.WAV
..\data\test_wave\F72D296.WAV
..\data\test_wave\F72D297.WAV
..\data\test_wave\F72D298.WAV
..\data\test_wave\F72D299.WAV
..\data\test_wave\F72D3.WAV
..\data\test_wave\F72D30.WAV
..\data\test_wave\F72D300.WAV
..\data\test_wave\F72D301.WAV
..\data\test_wave\F72D302.WAV
..\data\test_wave\F72D303.WAV
..\data\test_wave\F72D304.WAV
..\data\test_wave\F72D305.WAV
..\data\test_wave\F72D306.WAV
..\data\test_wave\F72D307.WAV
..\data\test_wave\F72D308.WAV
..\data\test_wave\F72D309.WAV
..\data\test_wave\F72D31.WAV
..\data\test_wave\F72D310.WAV
..\data\test_wave\F72D311.WAV
..\data\test_wave\F72D312.WAV
..\data\test_wave\F72D313.WAV
..\data\test_wave\F72D314.WAV
..\data\test_wave\F72D315.WAV
..\data\test_wave\F72D316.WAV
..\data\test_wave\F72D317.WAV
..\data\test_wave\F72D318.WAV
..\data\test_wave\F72D319.WAV
..\data\test_wave\F72D32.WAV
..\data\test_wave\F72D320.WAV
..\data\test_wave\F72D321.WAV
..\data\test_wave\F72D322.WAV
..\data\test_wave\F72D323.WAV
..\data\test_wave\F72D324.WAV
..\data\test_wave\F72D325.WAV
..\data\test_wave\F72D326.WAV
..\data\test_wave\F72D327.WAV
..\data\test_wave\F72D328.WAV
..\data\test_wave\F72D329.WAV
..\data\test_wave\F72D33.WAV
..\data\test_wave\F72D330.WAV
..\data\test_wave\F72D331.WAV
..\data\test_wave\F72D332.WAV
..\data\test_wave\F72D333.WAV
..\data\test_wave\F72D334.WAV
..\data\test_wave\F72D335.WAV
..\data\test_wave\F72D336.WAV
..\data\test_wave\F72D337.WAV
..\data\test_wave\F72D338.WAV
..\data\test_wave\F72D339.WAV
..\data\test_wave\F72D34.WAV
..\data\test_wave\F72D340.WAV
..\data\test_wave\F72D341.WAV
..\data\test_wave\F72D342.WAV
..\data\test_wave\F72D343.WAV
..\data\test_wave\F72D344.WAV
..\data\test_wave\F72D345.WAV
..\data\test_wave\F72D346.WAV
..\data\test_wave\F72D347.WAV
..\data\test_wave\F72D348.WAV
..\data\test_wave\F72D349.WAV
..\data\test_wave\F72D35.WAV
..\data\test_wave\F72D350.WAV
..\data\test_wave\F72D351.WAV
..\data\test_wave\F72D352.WAV
..\data\test_wave\F72D353.WAV
..\data\test_wave\F72D354.WAV
..\data\test_wave\F72D355.WAV
..\data\test_wave\F72D356.WAV
..\data\test_wave\F72D357.WAV
..\data\test_wave\F72D358.WAV
..\data\test_wave\F72D359.WAV
..\data\test_wave\F72D36.WAV
..\data\test_wave\F72D360.WAV
..\data\test_wave\F72D361.WAV
..\data\test_wave\F72D362.WAV
..\data\test_wave\F72D363.WAV
..\data\test_wave\F72D364.WAV
..\data\test_wave\F72D365.WAV
..\data\test_wave\F72D366.WAV
..\data\test_wave\F72D367.WAV
..\data\test_wave\F72D368.WAV
..\data\test_wave\F72D369.WAV
..\data\test_wave\F72D37.WAV
..\data\test_wave\F72D370.WAV
..\data\test_wave\F72D371.WAV
..\data\test_wave\F72D372.WAV
..\data\test_wave\F72D373.WAV
..\data\test_wave\F72D374.WAV
..\data\test_wave\F72D375.WAV
..\data\test_wave\F72D376.WAV
..\data\test_wave\F72D377.WAV
..\data\test_wave\F72D378.WAV
..\data\test_wave\F72D379.WAV
..\data\test_wave\F72D38.WAV
..\data\test_wave\F72D380.WAV
..\data\test_wave\F72D381.WAV
..\data\test_wave\F72D382.WAV
..\data\test_wave\F72D383.WAV
..\data\test_wave\F72D384.WAV
..\data\test_wave\F72D385.WAV
..\data\test_wave\F72D386.WAV
..\data\test_wave\F72D387.WAV
..\data\test_wave\F72D388.WAV
..\data\test_wave\F72D389.WAV
..\data\test_wave\F72D39.WAV
..\data\test_wave\F72D390.WAV
..\data\test_wave\F72D391.WAV
..\data\test_wave\F72D392.WAV
..\data\test_wave\F72D393.WAV
..\data\test_wave\F72D394.WAV
..\data\test_wave\F72D395.WAV
..\data\test_wave\F72D396.WAV
..\data\test_wave\F72D397.WAV
..\data\test_wave\F72D398.WAV
..\data\test_wave\F72D399.WAV
..\data\test_wave\F72D4.WAV
..\data\test_wave\F72D40.WAV
..\data\test_wave\F72D400.WAV
..\data\test_wave\F72D401.WAV
..\data\test_wave\F72D402.WAV
..\data\test_wave\F72D403.WAV
..\data\test_wave\F72D404.WAV
..\data\test_wave\F72D405.WAV
..\data\test_wave\F72D406.WAV
..\data\test_wave\F72D407.WAV
..\data\test_wave\F72D408.WAV
..\data\test_wave\F72D409.WAV
..\data\test_wave\F72D41.WAV
..\data\test_wave\F72D410.WAV
..\data\test_wave\F72D411.WAV
..\data\test_wave\F72D412.WAV
..\data\test_wave\F72D413.WAV
..\data\test_wave\F72D414.WAV
..\data\test_wave\F72D415.WAV
..\data\test_wave\F72D416.WAV
..\data\test_wave\F72D417.WAV
..\data\test_wave\F72D418.WAV
..\data\test_wave\F72D419.WAV
..\data\test_wave\F72D42.WAV
..\data\test_wave\F72D420.WAV
..\data\test_wave\F72D421.WAV
..\data\test_wave\F72D422.WAV
..\data\test_wave\F72D423.WAV
..\data\test_wave\F72D424.WAV
..\data\test_wave\F72D425.WAV
..\data\test_wave\F72D426.WAV
..\data\test_wave\F72D427.WAV
..\data\test_wave\F72D428.WAV
..\data\test_wave\F72D429.WAV
..\data\test_wave\F72D43.WAV
..\data\test_wave\F72D430.WAV
..\data\test_wave\F72D431.WAV
..\data\test_wave\F72D432.WAV
..\data\test_wave\F72D433.WAV
..\data\test_wave\F72D434.WAV
..\data\test_wave\F72D435.WAV
..\data\test_wave\F72D436.WAV
..\data\test_wave\F72D437.WAV
..\data\test_wave\F72D438.WAV
..\data\test_wave\F72D439.WAV
..\data\test_wave\F72D44.WAV
..\data\test_wave\F72D440.WAV
..\data\test_wave\F72D441.WAV
..\data\test_wave\F72D442.WAV
..\data\test_wave\F72D443.WAV
..\data\test_wave\F72D444.WAV
..\data\test_wave\F72D445.WAV
..\data\test_wave\F72D446.WAV
..\data\test_wave\F72D447.WAV
..\data\test_wave\F72D448.WAV
..\data\test_wave\F72D449.WAV
..\data\test_wave\F72D45.WAV
..\data\test_wave\F72D450.WAV
..\data\test_wave\F72D451.WAV
..\data\test_wave\F72D452.WAV
..\data\test_wave\F72D453.WAV
..\data\test_wave\F72D454.WAV
..\data\test_wave\F72D455.WAV
..\data\test_wave\F72D456.WAV
..\data\test_wave\F72D457.WAV
..\data\test_wave\F72D458.WAV
..\data\test_wave\F72D459.WAV
..\data\test_wave\F72D46.WAV
..\data\test_wave\F72D460.WAV
..\data\test_wave\F72D461.WAV
..\data\test_wave\F72D462.WAV
..\data\test_wave\F72D463.WAV
..\data\test_wave\F72D464.WAV
..\data\test_wave\F72D465.WAV
..\data\test_wave\F72D466.WAV
..\data\test_wave\F72D467.WAV
..\data\test_wave\F72D468.WAV
..\data\test_wave\F72D469.WAV
..\data\test_wave\F72D47.WAV
..\data\test_wave\F72D470.WAV
..\data\test_wave\F72D471.WAV
..\data\test_wave\F72D472.WAV
..\data\test_wave\F72D473.WAV
..\data\test_wave\F72D474.WAV
..\data\test_wave\F72D475.WAV
..\data\test_wave\F72D476.WAV
..\data\test_wave\F72D477.WAV
..\data\test_wave\F72D478.WAV
..\data\test_wave\F72D479.WAV
..\data\test_wave\F72D48.WAV
..\data\test_wave\F72D480.WAV
..\data\test_wave\F72D481.WAV
..\data\test_wave\F72D482.WAV
..\data\test_wave\F72D483.WAV
..\data\test_wave\F72D484.WAV
..\data\test_wave\F72D485.WAV
..\data\test_wave\F72D486.WAV
..\data\test_wave\F72D487.WAV
..\data\test_wave\F72D488.WAV
..\data\test_wave\F72D489.WAV
..\data\test_wave\F72D49.WAV
..\data\test_wave\F72D490.WAV
..\data\test_wave\F72D491.WAV
..\data\test_wave\F72D492.WAV
..\data\test_wave\F72D493.WAV
..\data\test_wave\F72D494.WAV
..\data\test_wave\F72D495.WAV
..\data\test_wave\F72D496.WAV
..\data\test_wave\F72D497.WAV
..\data\test_wave\F72D498.WAV
..\data\test_wave\F72D499.WAV
..\data\test_wave\F72D5.WAV
..\data\test_wave\F72D50.WAV
..\data\test_wave\F72D500.WAV
..\data\test_wave\F72D501.WAV
..\data\test_wave\F72D502.WAV
..\data\test_wave\F72D503.WAV
..\data\test_wave\F72D504.WAV
..\data\test_wave\F72D505.WAV
..\data\test_wave\F72D506.WAV
..\data\test_wave\F72D507.WAV
..\data\test_wave\F72D508.WAV
..\data\test_wave\F72D509.WAV
..\data\test_wave\F72D51.WAV
..\data\test_wave\F72D510.WAV
..\data\test_wave\F72D511.WAV
..\data\test_wave\F72D512.WAV
..\data\test_wave\F72D513.WAV
..\data\test_wave\F72D514.WAV
..\data\test_wave\F72D515.WAV
..\data\test_wave\F72D516.WAV
..\data\test_wave\F72D517.WAV
..\data\test_wave\F72D518.WAV
..\data\test_wave\F72D519.WAV
..\data\test_wave\F72D52.WAV
..\data\test_wave\F72D520.WAV
..\data\test_wave\F72D521.WAV
..\data\test_wave\F72D522.WAV
..\data\test_wave\F72D523.WAV
..\data\test_wave\F72D524.WAV
..\data\test_wave\F72D525.WAV
..\data\test_wave\F72D526.WAV
..\data\test_wave\F72D527.WAV
..\data\test_wave\F72D528.WAV
..\data\test_wave\F72D529.WAV
..\data\test_wave\F72D53.WAV
..\data\test_wave\F72D530.WAV
..\data\test_wave\F72D531.WAV
..\data\test_wave\F72D532.WAV
..\data\test_wave\F72D533.WAV
..\data\test_wave\F72D534.WAV
..\data\test_wave\F72D535.WAV
..\data\test_wave\F72D536.WAV
..\data\test_wave\F72D537.WAV
..\data\test_wave\F72D538.WAV
..\data\test_wave\F72D539.WAV
..\data\test_wave\F72D54.WAV
..\data\test_wave\F72D540.WAV
..\data\test_wave\F72D541.WAV
..\data\test_wave\F72D542.WAV
..\data\test_wave\F72D543.WAV
..\data\test_wave\F72D544.WAV
..\data\test_wave\F72D545.WAV
..\data\test_wave\F72D546.WAV
..\data\test_wave\F72D547.WAV
..\data\test_wave\F72D548.WAV
..\data\test_wave\F72D549.WAV
..\data\test_wave\F72D55.WAV
..\data\test_wave\F72D550.WAV
..\data\test_wave\F72D551.WAV
..\data\test_wave\F72D552.WAV
..\data\test_wave\F72D553.WAV
..\data\test_wave\F72D554.WAV
..\data\test_wave\F72D555.WAV
..\data\test_wave\F72D556.WAV
..\data\test_wave\F72D557.WAV
..\data\test_wave\F72D558.WAV
..\data\test_wave\F72D559.WAV
..\data\test_wave\F72D56.WAV
..\data\test_wave\F72D560.WAV
..\data\test_wave\F72D561.WAV
..\data\test_wave\F72D562.WAV
..\data\test_wave\F72D563.WAV
..\data\test_wave\F72D564.WAV
..\data\test_wave\F72D565.WAV
..\data\test_wave\F72D566.WAV
..\data\test_wave\F72D567.WAV
..\data\test_wave\F72D568.WAV
..\data\test_wave\F72D569.WAV
..\data\test_wave\F72D57.WAV
..\data\test_wave\F72D570.WAV
..\data\test_wave\F72D571.WAV
..\data\test_wave\F72D572.WAV
..\data\test_wave\F72D573.WAV
..\data\test_wave\F72D574.WAV
..\data\test_wave\F72D575.WAV
..\data\test_wave\F72D576.WAV
..\data\test_wave\F72D577.WAV
..\data\test_wave\F72D578.WAV
..\data\test_wave\F72D579.WAV
..\data\test_wave\F72D58.WAV
..\data\test_wave\F72D580.WAV
..\data\test_wave\F72D581.WAV
..\data\test_wave\F72D582.WAV
..\data\test_wave\F72D583.WAV
..\data\test_wave\F72D584.WAV
..\data\test_wave\F72D585.WAV
..\data\test_wave\F72D586.WAV
..\data\test_wave\F72D587.WAV
..\data\test_wave\F72D588.WAV
..\data\test_wave\F72D589.WAV
..\data\test_wave\F72D59.WAV
..\data\test_wave\F72D590.WAV
..\data\test_wave\F72D591.WAV
..\data\test_wave\F72D592.WAV
..\data\test_wave\F72D593.WAV
..\data\test_wave\F72D594.WAV
..\data\test_wave\F72D595.WAV
..\data\test_wave\F72D596.WAV
..\data\test_wave\F72D597.WAV
..\data\test_wave\F72D598.WAV
..\data\test_wave\F72D599.WAV
..\data\test_wave\F72D6.WAV
..\data\test_wave\F72D60.WAV
..\data\test_wave\F72D600.WAV
..\data\test_wave\F72D601.WAV
..\data\test_wave\F72D602.WAV
..\data\test_wave\F72D603.WAV
..\data\test_wave\F72D604.WAV
..\data\test_wave\F72D605.WAV
..\data\test_wave\F72D606.WAV
..\data\test_wave\F72D607.WAV
..\data\test_wave\F72D608.WAV
..\data\test_wave\F72D609.WAV
..\data\test_wave\F72D61.WAV
..\data\test_wave\F72D610.WAV
..\data\test_wave\F72D611.WAV
..\data\test_wave\F72D612.WAV
..\data\test_wave\F72D613.WAV
..\data\test_wave\F72D614.WAV
..\data\test_wave\F72D615.WAV
..\data\test_wave\F72D616.WAV
..\data\test_wave\F72D617.WAV
..\data\test_wave\F72D618.WAV
..\data\test_wave\F72D619.WAV
..\data\test_wave\F72D62.WAV
..\data\test_wave\F72D620.WAV
..\data\test_wave\F72D621.WAV
..\data\test_wave\F72D622.WAV
..\data\test_wave\F72D623.WAV
..\data\test_wave\F72D624.WAV
..\data\test_wave\F72D625.WAV
..\data\test_wave\F72D63.WAV
..\data\test_wave\F72D64.WAV
..\data\test_wave\F72D65.WAV
..\data\test_wave\F72D66.WAV
..\data\test_wave\F72D67.WAV
..\data\test_wave\F72D68.WAV
..\data\test_wave\F72D69.WAV
..\data\test_wave\F72D7.WAV
..\data\test_wave\F72D70.WAV
..\data\test_wave\F72D71.WAV
..\data\test_wave\F72D72.WAV
..\data\test_wave\F72D73.WAV
..\data\test_wave\F72D74.WAV
..\data\test_wave\F72D75.WAV
..\data\test_wave\F72D76.WAV
..\data\test_wave\F72D77.WAV
..\data\test_wave\F72D78.WAV
..\data\test_wave\F72D79.WAV
..\data\test_wave\F72D8.WAV
..\data\test_wave\F72D80.WAV
..\data\test_wave\F72D81.WAV
..\data\test_wave\F72D82.WAV
..\data\test_wave\F72D83.WAV
..\data\test_wave\F72D84.WAV
..\data\test_wave\F72D85.WAV
..\data\test_wave\F72D86.WAV
..\data\test_wave\F72D87.WAV
..\data\test_wave\F72D88.WAV
..\data\test_wave\F72D89.WAV
..\data\test_wave\F72D9.WAV
..\data\test_wave\F72D90.WAV
..\data\test_wave\F72D91.WAV
..\data\test_wave\F72D92.WAV
..\data\test_wave\F72D93.WAV
..\data\test_wave\F72D94.WAV
..\data\test_wave\F72D95.WAV
..\data\test_wave\F72D96.WAV
..\data\test_wave\F72D97.WAV
..\data\test_wave\F72D98.WAV
..\data\test_wave\F72D99.WAV
